Archive member included to satisfy reference by file (symbol)

c:/program files (x86)/gnu tools arm embedded/5.4 2016q3/bin/../lib/gcc/arm-none-eabi/5.4.1/armv7-m\libgcc.a(_aeabi_ldivmod.o)
                              hwlib.o (__aeabi_ldivmod)
c:/program files (x86)/gnu tools arm embedded/5.4 2016q3/bin/../lib/gcc/arm-none-eabi/5.4.1/armv7-m\libgcc.a(_udivmoddi4.o)
                              c:/program files (x86)/gnu tools arm embedded/5.4 2016q3/bin/../lib/gcc/arm-none-eabi/5.4.1/armv7-m\libgcc.a(_aeabi_ldivmod.o) (__udivmoddi4)
c:/program files (x86)/gnu tools arm embedded/5.4 2016q3/bin/../lib/gcc/arm-none-eabi/5.4.1/armv7-m\libgcc.a(_dvmd_tls.o)
                              c:/program files (x86)/gnu tools arm embedded/5.4 2016q3/bin/../lib/gcc/arm-none-eabi/5.4.1/armv7-m\libgcc.a(_aeabi_ldivmod.o) (__aeabi_ldiv0)
c:/program files (x86)/gnu tools arm embedded/5.4 2016q3/bin/../lib/gcc/arm-none-eabi/5.4.1/../../../../arm-none-eabi/lib/armv7-m\libc.a(lib_a-memcpy.o)
                              main.o (memcpy)
c:/program files (x86)/gnu tools arm embedded/5.4 2016q3/bin/../lib/gcc/arm-none-eabi/5.4.1/../../../../arm-none-eabi/lib/armv7-m\libc.a(lib_a-memset.o)
                              main.o (memset)

Allocating common symbols
Common symbol       size              file

__dso_handle        0x4               bmptk_cortex.o

Discarded input sections

 .group         0x00000000        0x8 hwlib.o
 .group         0x00000000        0x8 hwlib.o
 .group         0x00000000        0x8 hwlib.o
 .group         0x00000000        0x8 hwlib.o
 .group         0x00000000        0x8 hwlib.o
 .group         0x00000000        0x8 hwlib.o
 .group         0x00000000        0x8 hwlib.o
 .group         0x00000000        0x8 hwlib.o
 .group         0x00000000        0x8 hwlib.o
 .group         0x00000000        0x8 hwlib.o
 .group         0x00000000        0x8 hwlib.o
 .group         0x00000000        0x8 hwlib.o
 .group         0x00000000        0x8 hwlib.o
 .group         0x00000000        0x8 hwlib.o
 .group         0x00000000        0x8 hwlib.o
 .group         0x00000000        0x8 hwlib.o
 .group         0x00000000        0x8 hwlib.o
 .group         0x00000000        0x8 hwlib.o
 .group         0x00000000        0x8 hwlib.o
 .group         0x00000000        0x8 hwlib.o
 .group         0x00000000        0x8 hwlib.o
 .group         0x00000000        0x8 hwlib.o
 .group         0x00000000        0x8 hwlib.o
 .group         0x00000000        0x8 hwlib.o
 .group         0x00000000        0x8 hwlib.o
 .group         0x00000000        0x8 hwlib.o
 .group         0x00000000        0x8 hwlib.o
 .group         0x00000000        0x8 hwlib.o
 .group         0x00000000        0x8 hwlib.o
 .group         0x00000000        0x8 hwlib.o
 .group         0x00000000        0x8 hwlib.o
 .group         0x00000000        0x8 hwlib.o
 .group         0x00000000        0x8 hwlib.o
 .text          0x00000000        0x0 hwlib.o
 .data          0x00000000        0x0 hwlib.o
 .bss           0x00000000        0x0 hwlib.o
 .text._ZN5hwlib20_pin_out_dummy_class3setEb
                0x00000000        0x2 hwlib.o
 .text._ZN5hwlib23_pin_in_out_dummy_class3setEb
                0x00000000        0x2 hwlib.o
 .text._ZN5hwlib23_pin_in_out_dummy_class3getEv
                0x00000000        0x4 hwlib.o
 .text._ZN5hwlib23_pin_in_out_dummy_class19direction_set_inputEv
                0x00000000        0x2 hwlib.o
 .text._ZN5hwlib23_pin_in_out_dummy_class20direction_set_outputEv
                0x00000000        0x2 hwlib.o
 .text._ZN5hwliblsERNS_7ostreamENS_8locationE
                0x00000000       0x38 hwlib.o
 .text._ZN5hwlib4line4drawERNS_6windowE
                0x00000000       0xa4 hwlib.o
 .text._ZN5hwlib6circle4drawERNS_6windowE
                0x00000000      0x2ec hwlib.o
 .text._ZN5hwlib4randEv
                0x00000000       0x20 hwlib.o
 .text._ZN5hwlib15random_in_rangeEjj
                0x00000000       0x1a hwlib.o
 .text._ZN3due11ad_pin_infoENS_7ad_pinsE
                0x00000000       0x1c hwlib.o
 .text._ZN3due11ad_seq_infoEi
                0x00000000       0x20 hwlib.o
 .text._ZN3due11wait_us_oldEi
                0x00000000       0x28 hwlib.o
 .text._ZN5hwlib7wait_usEi
                0x00000000       0x20 hwlib.o
 .text._ZN5hwlib24uart_getc_bit_banged_pinERNS_6pin_inE
                0x00000000       0xaa hwlib.o
 .text._ZN5hwlib7wait_nsEi
                0x00000000       0x10 hwlib.o
 .text._ZN5hwlib7wait_msEi
                0x00000000       0x16 hwlib.o
 .text._ZN5hwlib5blinkERNS_7pin_outEi
                0x00000000       0x28 hwlib.o
 .text._ZN5hwlib4kittERNS_11port_in_outEi
                0x00000000       0x54 hwlib.o
 .text._ZN5hwlib4kittERNS_8port_outEi
                0x00000000       0x4e hwlib.o
 .text._ZN5hwlib4kittERNS_7port_ocEi
                0x00000000       0x4e hwlib.o
 .text._ZN5hwlib21graphics_random_linesERNS_6windowE
                0x00000000       0xe8 hwlib.o
 .text._ZN5hwlib23graphics_random_circlesERNS_6windowE
                0x00000000       0x8c hwlib.o
 .text._ZN5hwlib19uart_char_availableEv
                0x00000000       0x40 hwlib.o
 .text._ZN5hwlib19cin_using_uart_getc14char_availableEv
                0x00000000        0x8 hwlib.o
 .text._ZN5hwlib9uart_getcEv
                0x00000000       0x38 hwlib.o
 .text._ZN5hwlib19cin_using_uart_getc4getcEv
                0x00000000        0x8 hwlib.o
 .rodata._ZTVN5hwlib20_pin_out_dummy_classE
                0x00000000        0xc hwlib.o
 .rodata._ZTVN5hwlib23_pin_in_out_dummy_classE
                0x00000000       0x18 hwlib.o
 .rodata._ZTVN5hwlib19cin_using_uart_getcE
                0x00000000       0x10 hwlib.o
 .rodata._ZTVN5hwlib4lineE
                0x00000000        0xc hwlib.o
 .rodata._ZTVN5hwlib6circleE
                0x00000000        0xc hwlib.o
 .rodata._ZZN3due11ad_pin_infoENS_7ad_pinsEE17ad_pin_info_array
                0x00000000        0xc hwlib.o
 .data._ZN5hwlib13pin_out_dummyE
                0x00000000        0x4 hwlib.o
 .bss._ZZN5hwlib4randEvE1n
                0x00000000        0x4 hwlib.o
 .bss._ZZN5hwlib9uart_getcEvE3pin
                0x00000000        0xc hwlib.o
 .data._ZN5hwlib16pin_in_out_dummyE
                0x00000000        0x4 hwlib.o
 .data._ZN5hwlib3cinE
                0x00000000        0x4 hwlib.o
 .bss._ZGVZN5hwlib19uart_char_availableEvE3pin
                0x00000000        0x4 hwlib.o
 .rodata._ZZN3due11ad_seq_infoEiE12ad_seq_array
                0x00000000       0x70 hwlib.o
 .bss._ZGVZN5hwlib9uart_getcEvE3pin
                0x00000000        0x4 hwlib.o
 .bss._ZZN5hwlib19uart_char_availableEvE3pin
                0x00000000        0xc hwlib.o
 .text          0x00000000        0x0 coroutine.o
 .data          0x00000000        0x0 coroutine.o
 .bss           0x00000000        0x0 coroutine.o
 .data          0x00000000        0x0 switch_to.o
 .bss           0x00000000        0x0 switch_to.o
 .group         0x00000000        0x8 rtos.o
 .group         0x00000000        0x8 rtos.o
 .group         0x00000000        0x8 rtos.o
 .group         0x00000000        0x8 rtos.o
 .group         0x00000000        0x8 rtos.o
 .group         0x00000000        0x8 rtos.o
 .group         0x00000000        0x8 rtos.o
 .group         0x00000000        0x8 rtos.o
 .group         0x00000000        0x8 rtos.o
 .group         0x00000000        0x8 rtos.o
 .group         0x00000000        0x8 rtos.o
 .group         0x00000000        0x8 rtos.o
 .group         0x00000000        0x8 rtos.o
 .group         0x00000000        0x8 rtos.o
 .group         0x00000000        0x8 rtos.o
 .group         0x00000000        0x8 rtos.o
 .group         0x00000000        0x8 rtos.o
 .group         0x00000000        0x8 rtos.o
 .group         0x00000000        0x8 rtos.o
 .group         0x00000000        0x8 rtos.o
 .group         0x00000000        0x8 rtos.o
 .group         0x00000000        0x8 rtos.o
 .group         0x00000000        0x8 rtos.o
 .group         0x00000000        0x8 rtos.o
 .group         0x00000000        0x8 rtos.o
 .group         0x00000000        0x8 rtos.o
 .group         0x00000000        0x8 rtos.o
 .group         0x00000000        0x8 rtos.o
 .group         0x00000000        0x8 rtos.o
 .group         0x00000000        0x8 rtos.o
 .group         0x00000000        0x8 rtos.o
 .group         0x00000000        0x8 rtos.o
 .group         0x00000000        0x8 rtos.o
 .group         0x00000000        0x8 rtos.o
 .group         0x00000000        0x8 rtos.o
 .group         0x00000000        0x8 rtos.o
 .group         0x00000000        0x8 rtos.o
 .text          0x00000000        0x0 rtos.o
 .data          0x00000000        0x0 rtos.o
 .bss           0x00000000        0x0 rtos.o
 .text._ZN5hwlib19_pin_in_dummy_class3getEv
                0x00000000        0x4 rtos.o
 .text._ZN5hwlib20_pin_out_dummy_class3setEb
                0x00000000        0x2 rtos.o
 .text._ZN5hwlib23_pin_in_out_dummy_class3setEb
                0x00000000        0x2 rtos.o
 .text._ZN5hwlib23_pin_in_out_dummy_class3getEv
                0x00000000        0x4 rtos.o
 .text._ZN5hwlib23_pin_in_out_dummy_class19direction_set_inputEv
                0x00000000        0x2 rtos.o
 .text._ZN5hwlib23_pin_in_out_dummy_class20direction_set_outputEv
                0x00000000        0x2 rtos.o
 .text._ZN5hwlib19_pin_oc_dummy_class3setEb
                0x00000000        0x2 rtos.o
 .text._ZN5hwlib19_pin_oc_dummy_class3getEv
                0x00000000        0x4 rtos.o
 .text._ZN5hwlib7ostream5flushEv
                0x00000000        0x2 rtos.o
 .text._ZN5hwlib20cout_using_uart_putc4putcEc
                0x00000000        0x6 rtos.o
 .text._ZN5hwlib19cin_using_uart_getc4getcEv
                0x00000000        0x4 rtos.o
 .text._ZN5hwlib19cin_using_uart_getc14char_availableEv
                0x00000000        0x4 rtos.o
 .text._ZN5hwliblsERNS_7ostreamEPKc
                0x00000000       0x68 rtos.o
 .text._ZN5hwliblsERNS_7ostreamEi
                0x00000000       0x92 rtos.o
 .text._ZN5hwlib6window5writeENS_8locationENS_5colorE
                0x00000000       0x3e rtos.o
 .text._ZN5hwlib4line4drawERNS_6windowE
                0x00000000       0xa4 rtos.o
 .text._ZN5hwlib6circle4drawERNS_6windowE
                0x00000000      0x2ec rtos.o
 .text._ZN5hwlib4randEv
                0x00000000       0x20 rtos.o
 .text._ZN5hwlib15random_in_rangeEjj
                0x00000000       0x1a rtos.o
 .text._ZN6sam3xa10SystemInitEv
                0x00000000       0x88 rtos.o
 .text._ZN3due8pin_infoENS_4pinsE
                0x00000000       0x20 rtos.o
 .text._ZN3due11ad_pin_infoENS_7ad_pinsE
                0x00000000       0x1c rtos.o
 .text._ZN3due11ad_seq_infoEi
                0x00000000       0x20 rtos.o
 .text._ZN3due14port_registersEi
                0x00000000       0x48 rtos.o
 .text._ZN3due9now_ticksEv
                0x00000000       0x60 rtos.o
 .text._ZN3due6now_usEv
                0x00000000       0x10 rtos.o
 .text._ZN3due11wait_us_oldEi
                0x00000000       0x28 rtos.o
 .text._ZN5hwlib9now_ticksEv
                0x00000000        0x8 rtos.o
 .text._ZN5hwlib24uart_putc_bit_banged_pinEcRNS_7pin_outE
                0x00000000       0xc8 rtos.o
 .text._ZN5hwlib6now_usEv
                0x00000000        0x8 rtos.o
 .text._ZNK4rtos5eventeqERKS0_
                0x00000000       0x3c rtos.o
 .text._ZNK4rtos5eventneERKS0_
                0x00000000       0x3c rtos.o
 .text._ZNK4rtos5eventeqERKNS_8waitableE
                0x00000000       0x1a rtos.o
 .text._ZNK4rtos5eventneERKNS_8waitableE
                0x00000000       0x1a rtos.o
 .text._ZNK4rtos5eventplERKS0_
                0x00000000       0x3c rtos.o
 .text._ZNK4rtos5event5printERN5hwlib7ostreamE
                0x00000000       0x30 rtos.o
 .text._ZN4rtos5timer3setEm
                0x00000000        0xe rtos.o
 .text._ZN4rtos5timer5startEm
                0x00000000        0xe rtos.o
 .text._ZN4rtos5clock7time_upEv
                0x00000000       0x2e rtos.o
 .text._ZThn16_N4rtos5clock7time_upEv
                0x00000000        0x8 rtos.o
 .text._ZN4rtos5clock5clearEv
                0x00000000        0x8 rtos.o
 .text._ZN4rtos5mutexD2Ev
                0x00000000       0x28 rtos.o
 .text._ZlsRN5hwlib7ostreamERKN4rtos9task_baseE
                0x00000000       0x12 rtos.o
 .text._ZlsRN5hwlib7ostreamERKN4rtos4flagE
                0x00000000       0x12 rtos.o
 .text._ZlsRN5hwlib7ostreamERKN4rtos5eventE
                0x00000000       0x10 rtos.o
 .text._ZlsRN5hwlib7ostreamERKN4rtos5timerE
                0x00000000       0x12 rtos.o
 .text._ZlsRN5hwlib7ostreamERKN4rtos5clockE
                0x00000000       0x12 rtos.o
 .text._ZlsRN5hwlib7ostreamERKN4rtos12channel_baseE
                0x00000000       0x12 rtos.o
 .text._ZlsRN5hwlib7ostreamERKN4rtos5mutexE
                0x00000000       0x12 rtos.o
 .text._ZlsRN5hwlib7ostreamERKN4rtos12mailbox_baseE
                0x00000000       0x12 rtos.o
 .text._ZlsRN5hwlib7ostreamERKN4rtos9pool_baseE
                0x00000000       0x12 rtos.o
 .text._ZNK4rtos9task_base4nameEv
                0x00000000        0x4 rtos.o
 .text._ZN4rtos3addEPNS_5clockE
                0x00000000       0x10 rtos.o
 .text._ZN4rtos3addEPNS_12channel_baseE
                0x00000000       0x10 rtos.o
 .text._ZN4rtos12channel_baseC2EPNS_9task_baseEPKc
                0x00000000       0x30 rtos.o
 .text._ZN4rtos3addEPNS_12mailbox_baseE
                0x00000000       0x10 rtos.o
 .text._ZN4rtos12mailbox_baseC2EPKc
                0x00000000       0x20 rtos.o
 .text._ZN4rtos5clockC2EPNS_9task_baseEmPKc
                0x00000000       0x3c rtos.o
 .text._ZN4rtos19do_statistics_clearEv
                0x00000000       0x18 rtos.o
 .text._ZN4rtos18display_statisticsEv
                0x00000000       0x28 rtos.o
 .text._ZN5hwlib24uart_getc_bit_banged_pinERNS_6pin_inE
                0x00000000       0xaa rtos.o
 .text._ZN5hwlib7wait_nsEi
                0x00000000       0x10 rtos.o
 .text._ZN5hwlib5blinkERNS_7pin_outEi
                0x00000000       0x28 rtos.o
 .text._ZN5hwlib4kittERNS_11port_in_outEi
                0x00000000       0x54 rtos.o
 .text._ZN5hwlib4kittERNS_8port_outEi
                0x00000000       0x4e rtos.o
 .text._ZN5hwlib4kittERNS_7port_ocEi
                0x00000000       0x4e rtos.o
 .text._ZN5hwlib21graphics_random_linesERNS_6windowE
                0x00000000       0xe8 rtos.o
 .text._ZN5hwlib23graphics_random_circlesERNS_6windowE
                0x00000000       0x8c rtos.o
 .rodata._ZTVN5hwlib19_pin_in_dummy_classE
                0x00000000        0xc rtos.o
 .rodata._ZTVN5hwlib20_pin_out_dummy_classE
                0x00000000        0xc rtos.o
 .rodata._ZTVN5hwlib23_pin_in_out_dummy_classE
                0x00000000       0x18 rtos.o
 .rodata._ZTVN5hwlib19_pin_oc_dummy_classE
                0x00000000       0x10 rtos.o
 .rodata._ZTVN5hwlib20cout_using_uart_putcE
                0x00000000       0x10 rtos.o
 .rodata._ZTVN5hwlib19cin_using_uart_getcE
                0x00000000       0x10 rtos.o
 .rodata._ZTVN5hwlib4lineE
                0x00000000        0xc rtos.o
 .rodata._ZTVN5hwlib6circleE
                0x00000000        0xc rtos.o
 .rodata._ZTVN4rtos12channel_baseE
                0x00000000        0xc rtos.o
 .rodata._ZZN3due11ad_pin_infoENS_7ad_pinsEE17ad_pin_info_array
                0x00000000        0xc rtos.o
 .bss._ZZN3due9now_ticksEvE9init_done
                0x00000000        0x1 rtos.o
 .data._ZN5hwlib13pin_out_dummyE
                0x00000000        0x4 rtos.o
 .bss._ZZN5hwlib4randEvE1n
                0x00000000        0x4 rtos.o
 .rodata._ZTVN4rtos5clockE
                0x00000000       0x20 rtos.o
 .rodata._ZZN3due11ad_seq_infoEiE12ad_seq_array
                0x00000000       0x70 rtos.o
 .data._ZN5hwlib12pin_oc_dummyE
                0x00000000        0x4 rtos.o
 .data._ZN5hwlib16pin_in_out_dummyE
                0x00000000        0x4 rtos.o
 .data._ZN6sam3xa15SystemCoreClockE
                0x00000000        0x4 rtos.o
 .data._ZN5hwlib12pin_in_dummyE
                0x00000000        0x4 rtos.o
 .bss._ZZN3due9now_ticksEvE8last_low
                0x00000000        0x4 rtos.o
 .data._ZN5hwlib3cinE
                0x00000000        0x4 rtos.o
 .bss._ZZN3due9now_ticksEvE4high
                0x00000000        0x8 rtos.o
 .rodata._ZZN3due8pin_infoENS_4pinsEE14pin_info_array
                0x00000000       0xa4 rtos.o
 .data._ZN5hwlib4coutE
                0x00000000       0x14 rtos.o
 .group         0x00000000        0x8 main.o
 .group         0x00000000        0x8 main.o
 .group         0x00000000        0x8 main.o
 .group         0x00000000        0x8 main.o
 .group         0x00000000        0x8 main.o
 .group         0x00000000        0x8 main.o
 .group         0x00000000        0x8 main.o
 .group         0x00000000        0x8 main.o
 .group         0x00000000        0x8 main.o
 .group         0x00000000        0x8 main.o
 .group         0x00000000        0x8 main.o
 .group         0x00000000        0x8 main.o
 .group         0x00000000        0x8 main.o
 .group         0x00000000        0x8 main.o
 .group         0x00000000        0x8 main.o
 .group         0x00000000        0x8 main.o
 .group         0x00000000        0x8 main.o
 .group         0x00000000        0x8 main.o
 .group         0x00000000        0x8 main.o
 .group         0x00000000        0x8 main.o
 .group         0x00000000        0x8 main.o
 .group         0x00000000        0x8 main.o
 .group         0x00000000        0x8 main.o
 .group         0x00000000        0x8 main.o
 .group         0x00000000        0x8 main.o
 .group         0x00000000        0x8 main.o
 .group         0x00000000        0x8 main.o
 .group         0x00000000        0xc main.o
 .group         0x00000000        0x8 main.o
 .group         0x00000000        0x8 main.o
 .group         0x00000000        0x8 main.o
 .group         0x00000000        0x8 main.o
 .group         0x00000000        0x8 main.o
 .group         0x00000000        0x8 main.o
 .group         0x00000000        0x8 main.o
 .group         0x00000000        0x8 main.o
 .group         0x00000000        0x8 main.o
 .group         0x00000000        0x8 main.o
 .group         0x00000000        0x8 main.o
 .group         0x00000000        0x8 main.o
 .group         0x00000000        0x8 main.o
 .group         0x00000000        0x8 main.o
 .group         0x00000000        0x8 main.o
 .group         0x00000000        0x8 main.o
 .group         0x00000000        0x8 main.o
 .group         0x00000000        0x8 main.o
 .group         0x00000000        0x8 main.o
 .group         0x00000000        0x8 main.o
 .group         0x00000000        0x8 main.o
 .group         0x00000000        0x8 main.o
 .group         0x00000000        0x8 main.o
 .group         0x00000000        0x8 main.o
 .group         0x00000000        0x8 main.o
 .group         0x00000000        0x8 main.o
 .group         0x00000000        0x8 main.o
 .group         0x00000000        0x8 main.o
 .group         0x00000000        0x8 main.o
 .group         0x00000000        0x8 main.o
 .group         0x00000000        0x8 main.o
 .group         0x00000000        0x8 main.o
 .group         0x00000000        0x8 main.o
 .group         0x00000000        0x8 main.o
 .group         0x00000000        0x8 main.o
 .group         0x00000000        0x8 main.o
 .group         0x00000000        0x8 main.o
 .group         0x00000000        0x8 main.o
 .group         0x00000000        0x8 main.o
 .group         0x00000000        0x8 main.o
 .group         0x00000000        0x8 main.o
 .group         0x00000000        0x8 main.o
 .group         0x00000000        0x8 main.o
 .group         0x00000000        0x8 main.o
 .group         0x00000000        0x8 main.o
 .group         0x00000000        0x8 main.o
 .group         0x00000000        0x8 main.o
 .group         0x00000000        0x8 main.o
 .group         0x00000000        0x8 main.o
 .group         0x00000000        0x8 main.o
 .group         0x00000000        0x8 main.o
 .group         0x00000000        0x8 main.o
 .text          0x00000000        0x0 main.o
 .data          0x00000000        0x0 main.o
 .bss           0x00000000        0x0 main.o
 .text._ZN5hwlib19_pin_in_dummy_class3getEv
                0x00000000        0x4 main.o
 .text._ZN5hwlib20_pin_out_dummy_class3setEb
                0x00000000        0x2 main.o
 .text._ZN5hwlib23_pin_in_out_dummy_class3setEb
                0x00000000        0x2 main.o
 .text._ZN5hwlib23_pin_in_out_dummy_class3getEv
                0x00000000        0x4 main.o
 .text._ZN5hwlib23_pin_in_out_dummy_class19direction_set_inputEv
                0x00000000        0x2 main.o
 .text._ZN5hwlib23_pin_in_out_dummy_class20direction_set_outputEv
                0x00000000        0x2 main.o
 .text._ZN5hwlib19_pin_oc_dummy_class3setEb
                0x00000000        0x2 main.o
 .text._ZN5hwlib19_pin_oc_dummy_class3getEv
                0x00000000        0x4 main.o
 .text._ZN5hwlib7ostream5flushEv
                0x00000000        0x2 main.o
 .text._ZN3due6pin_in3getEv
                0x00000000       0x10 main.o
 .text._ZN5hwlib20cout_using_uart_putc4putcEc
                0x00000000        0x6 main.o
 .text._ZN5hwlib19cin_using_uart_getc4getcEv
                0x00000000        0x4 main.o
 .text._ZN5hwlib19cin_using_uart_getc14char_availableEv
                0x00000000        0x4 main.o
 .text._ZN5hwlib7ostreamlsEc
                0x00000000        0xe main.o
 .text._ZN5hwliblsERNS_7ostreamEPKc
                0x00000000       0x68 main.o
 .text._ZN5hwliblsERNS_7ostreamEi
                0x00000000       0xd4 main.o
 .text._ZN5hwlib6window5writeENS_8locationENS_5colorE
                0x00000000       0x3e main.o
 .text._ZN5hwlib4line4drawERNS_6windowE
                0x00000000       0xa4 main.o
 .text._ZN5hwlib6circle4drawERNS_6windowE
                0x00000000      0x30c main.o
 .text._ZN5hwlib5blinkERNS_7pin_outEi
                0x00000000       0x28 main.o
 .text._ZN5hwlib4kittERNS_11port_in_outEi
                0x00000000       0x54 main.o
 .text._ZN5hwlib4kittERNS_8port_outEi
                0x00000000       0x4e main.o
 .text._ZN5hwlib4kittERNS_7port_ocEi
                0x00000000       0x4e main.o
 .text._ZN5hwlib4randEv
                0x00000000       0x20 main.o
 .text._ZN5hwlib15random_in_rangeEjj
                0x00000000       0x1a main.o
 .text._ZN5hwlib21graphics_random_linesERNS_6windowE
                0x00000000       0xe8 main.o
 .text._ZN5hwlib23graphics_random_circlesERNS_6windowE
                0x00000000       0x8c main.o
 .text._ZN6sam3xa10SystemInitEv
                0x00000000       0x88 main.o
 .text._ZN3due8pin_infoENS_4pinsE
                0x00000000       0x20 main.o
 .text._ZN3due11ad_pin_infoENS_7ad_pinsE
                0x00000000       0x1c main.o
 .text._ZN3due11ad_seq_infoEi
                0x00000000       0x20 main.o
 .text._ZN3due14port_registersEi
                0x00000000       0x48 main.o
 .text._ZN3due9now_ticksEv
                0x00000000       0x60 main.o
 .text._ZN3due6now_usEv
                0x00000000       0x10 main.o
 .text._ZN3due11wait_us_oldEi
                0x00000000       0x28 main.o
 .text._ZN5hwlib9now_ticksEv
                0x00000000        0x8 main.o
 .text._ZN5hwlib24uart_putc_bit_banged_pinEcRNS_7pin_outE
                0x00000000       0xc8 main.o
 .text._ZN5hwlib24uart_getc_bit_banged_pinERNS_6pin_inE
                0x00000000       0xaa main.o
 .text._ZN5hwlib6now_usEv
                0x00000000        0x8 main.o
 .rodata._ZTVN5hwlib19_pin_in_dummy_classE
                0x00000000        0xc main.o
 .rodata._ZTVN5hwlib20_pin_out_dummy_classE
                0x00000000        0xc main.o
 .rodata._ZTVN5hwlib23_pin_in_out_dummy_classE
                0x00000000       0x18 main.o
 .rodata._ZTVN5hwlib19_pin_oc_dummy_classE
                0x00000000       0x10 main.o
 .rodata._ZTVN5hwlib20cout_using_uart_putcE
                0x00000000       0x10 main.o
 .rodata._ZTVN5hwlib19cin_using_uart_getcE
                0x00000000       0x10 main.o
 .rodata._ZTVN5hwlib4lineE
                0x00000000        0xc main.o
 .rodata._ZTVN5hwlib6circleE
                0x00000000        0xc main.o
 .rodata._ZTVN3due6pin_inE
                0x00000000        0xc main.o
 .data._ZN5hwlib12pin_in_dummyE
                0x00000000        0x4 main.o
 .data._ZN5hwlib16pin_in_out_dummyE
                0x00000000        0x4 main.o
 .data._ZN5hwlib3cinE
                0x00000000        0x4 main.o
 .bss._ZZN3due9now_ticksEvE4high
                0x00000000        0x8 main.o
 .bss._ZZN5hwlib4randEvE1n
                0x00000000        0x4 main.o
 .data._ZN5hwlib13pin_out_dummyE
                0x00000000        0x4 main.o
 .rodata._ZZN3due11ad_pin_infoENS_7ad_pinsEE17ad_pin_info_array
                0x00000000        0xc main.o
 .data._ZN5hwlib4coutE
                0x00000000       0x14 main.o
 .bss._ZZN3due9now_ticksEvE8last_low
                0x00000000        0x4 main.o
 .bss._ZZN3due9now_ticksEvE9init_done
                0x00000000        0x1 main.o
 .data._ZN6sam3xa15SystemCoreClockE
                0x00000000        0x4 main.o
 .rodata._ZZN3due8pin_infoENS_4pinsEE14pin_info_array
                0x00000000       0xa4 main.o
 .rodata._ZN5hwlibL11transparentE
                0x00000000        0x4 main.o
 .rodata._ZZN3due11ad_seq_infoEiE12ad_seq_array
                0x00000000       0x70 main.o
 .data._ZN5hwlib12pin_oc_dummyE
                0x00000000        0x4 main.o
 .text          0x00000000        0x0 bmptk_cortex.o
 .data          0x00000000        0x0 bmptk_cortex.o
 .bss           0x00000000        0x0 bmptk_cortex.o
 .text.__aeabi_idiv0
                0x00000000        0x4 bmptk_cortex.o
 COMMON         0x00000000        0x4 bmptk_cortex.o
 .text          0x00000000        0x0 bmptk_heap_bmptk.o
 .data          0x00000000        0x0 bmptk_heap_bmptk.o
 .bss           0x00000000        0x0 bmptk_heap_bmptk.o
 .text.free     0x00000000        0x4 bmptk_heap_bmptk.o
 .text          0x00000000        0x0 bmptk_fixed_size_stack.o
 .data          0x00000000        0x0 bmptk_fixed_size_stack.o
 .bss           0x00000000        0x0 bmptk_fixed_size_stack.o
 .text.bmptk_stack_used
                0x00000000        0xc bmptk_fixed_size_stack.o
 .data          0x00000000        0x0 c:/program files (x86)/gnu tools arm embedded/5.4 2016q3/bin/../lib/gcc/arm-none-eabi/5.4.1/armv7-m\libgcc.a(_aeabi_ldivmod.o)
 .bss           0x00000000        0x0 c:/program files (x86)/gnu tools arm embedded/5.4 2016q3/bin/../lib/gcc/arm-none-eabi/5.4.1/armv7-m\libgcc.a(_aeabi_ldivmod.o)
 .data          0x00000000        0x0 c:/program files (x86)/gnu tools arm embedded/5.4 2016q3/bin/../lib/gcc/arm-none-eabi/5.4.1/armv7-m\libgcc.a(_udivmoddi4.o)
 .bss           0x00000000        0x0 c:/program files (x86)/gnu tools arm embedded/5.4 2016q3/bin/../lib/gcc/arm-none-eabi/5.4.1/armv7-m\libgcc.a(_udivmoddi4.o)
 .ARM.extab     0x00000000        0x0 c:/program files (x86)/gnu tools arm embedded/5.4 2016q3/bin/../lib/gcc/arm-none-eabi/5.4.1/armv7-m\libgcc.a(_udivmoddi4.o)
 .data          0x00000000        0x0 c:/program files (x86)/gnu tools arm embedded/5.4 2016q3/bin/../lib/gcc/arm-none-eabi/5.4.1/armv7-m\libgcc.a(_dvmd_tls.o)
 .bss           0x00000000        0x0 c:/program files (x86)/gnu tools arm embedded/5.4 2016q3/bin/../lib/gcc/arm-none-eabi/5.4.1/armv7-m\libgcc.a(_dvmd_tls.o)
 .data          0x00000000        0x0 c:/program files (x86)/gnu tools arm embedded/5.4 2016q3/bin/../lib/gcc/arm-none-eabi/5.4.1/../../../../arm-none-eabi/lib/armv7-m\libc.a(lib_a-memcpy.o)
 .bss           0x00000000        0x0 c:/program files (x86)/gnu tools arm embedded/5.4 2016q3/bin/../lib/gcc/arm-none-eabi/5.4.1/../../../../arm-none-eabi/lib/armv7-m\libc.a(lib_a-memcpy.o)
 .text          0x00000000        0x0 c:/program files (x86)/gnu tools arm embedded/5.4 2016q3/bin/../lib/gcc/arm-none-eabi/5.4.1/../../../../arm-none-eabi/lib/armv7-m\libc.a(lib_a-memset.o)
 .data          0x00000000        0x0 c:/program files (x86)/gnu tools arm embedded/5.4 2016q3/bin/../lib/gcc/arm-none-eabi/5.4.1/../../../../arm-none-eabi/lib/armv7-m\libc.a(lib_a-memset.o)
 .bss           0x00000000        0x0 c:/program files (x86)/gnu tools arm embedded/5.4 2016q3/bin/../lib/gcc/arm-none-eabi/5.4.1/../../../../arm-none-eabi/lib/armv7-m\libc.a(lib_a-memset.o)

Memory Configuration

Name             Origin             Length             Attributes
rom              0x00000000         0x00080000         xr
ram              0x20000000         0x00018000         xrw
nul              0x20000000         0x00000000         xrw
*default*        0x00000000         0xffffffff

Linker script and memory map

LOAD c:/program files (x86)/gnu tools arm embedded/5.4 2016q3/bin/../lib/gcc/arm-none-eabi/5.4.1/armv7-m\libgcc.a
LOAD hwlib.o
LOAD coroutine.o
LOAD switch_to.o
LOAD rtos.o
LOAD main.o
LOAD bmptk_cortex.o
LOAD bmptk_heap_bmptk.o
LOAD bmptk_fixed_size_stack.o
LOAD c:/program files (x86)/gnu tools arm embedded/5.4 2016q3/bin/../lib/gcc/arm-none-eabi/5.4.1/../../../../arm-none-eabi/lib/armv7-m\libstdc++.a
LOAD c:/program files (x86)/gnu tools arm embedded/5.4 2016q3/bin/../lib/gcc/arm-none-eabi/5.4.1/../../../../arm-none-eabi/lib/armv7-m\libm.a
START GROUP
LOAD c:/program files (x86)/gnu tools arm embedded/5.4 2016q3/bin/../lib/gcc/arm-none-eabi/5.4.1/armv7-m\libgcc.a
LOAD c:/program files (x86)/gnu tools arm embedded/5.4 2016q3/bin/../lib/gcc/arm-none-eabi/5.4.1/../../../../arm-none-eabi/lib/armv7-m\libc.a
END GROUP
                0x00000000                __rom_start = ORIGIN (rom)
                0x00080000                __rom_size = LENGTH (rom)
                0x00080000                __rom_end = (__rom_start + __rom_size)
                0x20000000                __ram_start = ORIGIN (ram)
                0x00018000                __ram_size = LENGTH (ram)
                0x20018000                __ram_end = (__ram_start + __ram_size)
                [!provide]                PROVIDE (__rom_start, __rom_start)
                [!provide]                PROVIDE (__rom_size, __rom_size)
                [!provide]                PROVIDE (__rom_end, __rom_end)
                [!provide]                PROVIDE (__ram_start, __ram_start)
                [!provide]                PROVIDE (__ram_size, __ram_size)
                [!provide]                PROVIDE (__ram_end, __ram_end)

.text           0x00000000     0x44c0
                0x00000000                . = ALIGN (0x4)
                0x00000000                __text_start = .
                [!provide]                PROVIDE (__text_start, __text_start)
                0x00000000                . = ALIGN (0x4)
 *(.vectors)
 .vectors       0x00000000       0xb0 bmptk_cortex.o
                0x00000000                __vectors
                0x000000b0                . = ALIGN (0x4)
 *(.text .text.* .gnu.linkonce.t.*)
 .text._ZN5hwlib19_pin_in_dummy_class3getEv
                0x000000b0        0x4 hwlib.o
                0x000000b0                hwlib::_pin_in_dummy_class::get()
 .text._ZN5hwlib19_pin_oc_dummy_class3setEb
                0x000000b4        0x2 hwlib.o
                0x000000b4                hwlib::_pin_oc_dummy_class::set(bool)
 .text._ZN5hwlib19_pin_oc_dummy_class3getEv
                0x000000b6        0x4 hwlib.o
                0x000000b6                hwlib::_pin_oc_dummy_class::get()
 .text._ZN5hwlib7ostream5flushEv
                0x000000ba        0x2 hwlib.o
                0x000000ba                hwlib::ostream::flush()
 .text._ZNK5hwlib9image_8x818get_implementationENS_8locationE
                0x000000bc       0x4c hwlib.o
                0x000000bc                hwlib::image_8x8::get_implementation(hwlib::location) const
 .text._ZN3due6pin_in3getEv
                0x00000108       0x10 hwlib.o
                0x00000108                due::pin_in::get()
 .text._ZN3due7pin_out3setEb
                0x00000118        0xe hwlib.o
                0x00000118                due::pin_out::set(bool)
 .text._ZN5hwlib7ostream6fillerEi
                0x00000126       0x1a hwlib.o
                0x00000126                hwlib::ostream::filler(int)
 .text._ZN5hwliblsERNS_7ostreamEPKc
                0x00000140       0x54 hwlib.o
                0x00000140                hwlib::operator<<(hwlib::ostream&, char const*)
 .text._ZN5hwliblsERNS_7ostreamEi
                0x00000194       0xd4 hwlib.o
                0x00000194                hwlib::operator<<(hwlib::ostream&, int)
 .text._ZN5hwlib6window5writeENS_8locationENS_5colorE
                0x00000268       0x3e hwlib.o
                0x00000268                hwlib::window::write(hwlib::location, hwlib::color)
 *fill*         0x000002a6        0x2 
 .text._ZN6sam3xa10SystemInitEv
                0x000002a8       0x88 hwlib.o
                0x000002a8                sam3xa::SystemInit()
 .text._ZN3due8pin_infoENS_4pinsE
                0x00000330       0x20 hwlib.o
                0x00000330                due::pin_info(due::pins)
 .text._ZN3due14port_registersEi
                0x00000350       0x48 hwlib.o
                0x00000350                due::port_registers(int)
 .text._ZN3due9now_ticksEv
                0x00000398       0x60 hwlib.o
                0x00000398                due::now_ticks()
 .text._ZN3due6now_usEv
                0x000003f8       0x10 hwlib.o
                0x000003f8                due::now_us()
 .text._ZN5hwlib9now_ticksEv
                0x00000408        0x8 hwlib.o
                0x00000408                hwlib::now_ticks()
 .text._ZN5hwlib24uart_putc_bit_banged_pinEcRNS_7pin_outE
                0x00000410       0xc8 hwlib.o
                0x00000410                hwlib::uart_putc_bit_banged_pin(char, hwlib::pin_out&)
 .text._ZN5hwlib6now_usEv
                0x000004d8        0x8 hwlib.o
                0x000004d8                hwlib::now_us()
 .text._ZN5hwlib9uart_putcEc
                0x000004e0       0x3c hwlib.o
                0x000004e0                hwlib::uart_putc(char)
 .text._ZN5hwlib20cout_using_uart_putc4putcEc
                0x0000051c        0xa hwlib.o
                0x0000051c                hwlib::cout_using_uart_putc::putc(char)
 *fill*         0x00000526        0x2 
 .text          0x00000528       0x24 switch_to.o
                0x00000528                switch_from_to
 .text._ZN4rtos8callback6cancelEv
                0x0000054c        0xa rtos.o
                0x0000054c                rtos::callback::cancel()
 .text._ZN5hwlib7ostream7reverse10add_prefixERKS0_.part.1.constprop.23
                0x00000556       0x4c rtos.o
 .text._ZN5hwlib7ostreamlsEc
                0x000005a2        0xe rtos.o
                0x000005a2                hwlib::ostream::operator<<(char)
 .text._ZN5hwliblsERNS_7ostreamEx
                0x000005b0       0xbc rtos.o
                0x000005b0                hwlib::operator<<(hwlib::ostream&, long long)
 .text._ZN5hwliblsERNS_7ostreamEj
                0x0000066c        0xc rtos.o
                0x0000066c                hwlib::operator<<(hwlib::ostream&, unsigned int)
 .text._Z6strlenPKc
                0x00000678       0x10 rtos.o
                0x00000678                strlen(char const*)
 .text._Z6strcpyPcPKc
                0x00000688       0x14 rtos.o
                0x00000688                strcpy(char*, char const*)
 .text._Z15string_allocatePKc
                0x0000069c       0x26 rtos.o
                0x0000069c                string_allocate(char const*)
 .text._Z12nr_from_maskj
                0x000006c2       0x1c rtos.o
                0x000006c2                nr_from_mask(unsigned int)
 *fill*         0x000006de        0x2 
 .text._Z15task_trampolinev
                0x000006e0       0x34 rtos.o
                0x000006e0                task_trampoline()
 .text._ZN4rtos9task_base7releaseEv
                0x00000714       0x24 rtos.o
                0x00000714                rtos::task_base::release()
 .text._ZN4rtos9task_base7suspendEv
                0x00000738        0x8 rtos.o
                0x00000738                rtos::task_base::suspend()
 .text._ZN4rtos9task_base6resumeEv
                0x00000740        0x8 rtos.o
                0x00000740                rtos::task_base::resume()
 .text._ZN4rtos9task_base7unblockEv
                0x00000748       0x14 rtos.o
                0x00000748                rtos::task_base::unblock()
 .text._ZN4rtos9task_base5blockEv
                0x0000075c       0x70 rtos.o
                0x0000075c                rtos::task_base::block()
 .text._ZNK4rtos9task_base5printERN5hwlib7ostreamEb
                0x000007cc      0x158 rtos.o
                0x000007cc                rtos::task_base::print(hwlib::ostream&, bool) const
 .text._ZNK4rtos4flag5printERN5hwlib7ostreamEb
                0x00000924       0xc8 rtos.o
                0x00000924                rtos::flag::print(hwlib::ostream&, bool) const
 .text._ZNK4rtos5timer5printERN5hwlib7ostreamEb
                0x000009ec       0xd4 rtos.o
                0x000009ec                rtos::timer::print(hwlib::ostream&, bool) const
 .text._ZNK4rtos5clock5printERN5hwlib7ostreamEb
                0x00000ac0       0xd8 rtos.o
                0x00000ac0                rtos::clock::print(hwlib::ostream&, bool) const
 .text._ZN4rtos12waitable_set17waitable_allocateEv
                0x00000b98       0x38 rtos.o
                0x00000b98                rtos::waitable_set::waitable_allocate()
 .text._ZN4rtos8waitableC2EPNS_9task_baseEPKc
                0x00000bd0       0x2c rtos.o
                0x00000bd0                rtos::waitable::waitable(rtos::task_base*, char const*)
                0x00000bd0                rtos::waitable::waitable(rtos::task_base*, char const*)
 .text._ZN4rtos12waitable_set3setERKNS_8waitableE
                0x00000bfc       0x14 rtos.o
                0x00000bfc                rtos::waitable_set::set(rtos::waitable const&)
 .text._ZN4rtos5timer7time_upEv
                0x00000c10       0x10 rtos.o
                0x00000c10                rtos::timer::time_up()
                0x00000c1a                non-virtual thunk to rtos::timer::time_up()
 .text._ZN4rtos4flag3setEv
                0x00000c20       0x10 rtos.o
                0x00000c20                rtos::flag::set()
 .text._ZN4rtos12waitable_set5clearERKNS_8waitableE
                0x00000c30        0xc rtos.o
                0x00000c30                rtos::waitable_set::clear(rtos::waitable const&)
 .text._ZN4rtos8waitable5clearEv
                0x00000c3c        0xa rtos.o
                0x00000c3c                rtos::waitable::clear()
 .text._ZN4rtos5timer6cancelEv
                0x00000c46       0x16 rtos.o
                0x00000c46                rtos::timer::cancel()
 .text._ZThn16_N4rtos5timer6cancelEv
                0x00000c5c        0x8 rtos.o
                0x00000c5c                non-virtual thunk to rtos::timer::cancel()
 .text._ZN4rtos12waitable_set4waitEj
                0x00000c64       0x64 rtos.o
                0x00000c64                rtos::waitable_set::wait(unsigned int)
 .text._ZN4rtos9task_base5sleepEj
                0x00000cc8       0x20 rtos.o
                0x00000cc8                rtos::task_base::sleep(unsigned int)
 .text._ZN4rtos5mutex4waitEv
                0x00000ce8       0x30 rtos.o
                0x00000ce8                rtos::mutex::wait()
 .text._ZN4rtos5mutex6signalEv
                0x00000d18       0x50 rtos.o
                0x00000d18                rtos::mutex::signal()
 .text._ZNK4rtos5mutex5printERN5hwlib7ostreamEb
                0x00000d68       0xec rtos.o
                0x00000d68                rtos::mutex::print(hwlib::ostream&, bool) const
 .text._ZNK4rtos12channel_base5printERN5hwlib7ostreamEb
                0x00000e54       0xe4 rtos.o
                0x00000e54                rtos::channel_base::print(hwlib::ostream&, bool) const
 .text._ZNK4rtos9pool_base5printERN5hwlib7ostreamEb
                0x00000f38       0x78 rtos.o
                0x00000f38                rtos::pool_base::print(hwlib::ostream&, bool) const
 .text._ZNK4rtos12mailbox_base5printERN5hwlib7ostreamEb
                0x00000fb0       0xc4 rtos.o
                0x00000fb0                rtos::mailbox_base::print(hwlib::ostream&, bool) const
 .text._ZN4rtos3addEPNS_4flagE
                0x00001074       0x10 rtos.o
                0x00001074                rtos::add(rtos::flag*)
 .text._ZN4rtos4flagC2EPNS_9task_baseEPKc
                0x00001084       0x20 rtos.o
                0x00001084                rtos::flag::flag(rtos::task_base*, char const*)
                0x00001084                rtos::flag::flag(rtos::task_base*, char const*)
 .text._ZN4rtos3addEPNS_5timerE
                0x000010a4       0x10 rtos.o
                0x000010a4                rtos::add(rtos::timer*)
 .text._ZN4rtos3addEPNS_5mutexE
                0x000010b4       0x10 rtos.o
                0x000010b4                rtos::add(rtos::mutex*)
 .text._ZN4rtos5mutexC2EPKc
                0x000010c4       0x1e rtos.o
                0x000010c4                rtos::mutex::mutex(char const*)
                0x000010c4                rtos::mutex::mutex(char const*)
 *fill*         0x000010e2        0x2 
 .text._ZN4rtos3addEPNS_9pool_baseE
                0x000010e4       0x10 rtos.o
                0x000010e4                rtos::add(rtos::pool_base*)
 .text._ZN4rtos9pool_baseC2EPKc
                0x000010f4       0x1c rtos.o
                0x000010f4                rtos::pool_base::pool_base(char const*)
                0x000010f4                rtos::pool_base::pool_base(char const*)
 .text._ZN4rtos5printERN5hwlib7ostreamE
                0x00001110      0x258 rtos.o
                0x00001110                rtos::print(hwlib::ostream&)
 .text._ZN4rtos4beatEv
                0x00001368      0x14c rtos.o
                0x00001368                rtos::beat()
 .text._ZN4rtos8run_timeEv
                0x000014b4        0x8 rtos.o
                0x000014b4                rtos::run_time()
 .text._ZN4rtos3runEv
                0x000014bc       0x40 rtos.o
                0x000014bc                rtos::run()
 .text._ZN4rtos3addEPNS_8callbackE
                0x000014fc       0x10 rtos.o
                0x000014fc                rtos::add(rtos::callback*)
 .text._ZN4rtos8callbackC2EPKc
                0x0000150c       0x28 rtos.o
                0x0000150c                rtos::callback::callback(char const*)
                0x0000150c                rtos::callback::callback(char const*)
 .text._ZN4rtos5timerC2EPNS_9task_baseEPKc
                0x00001534       0x34 rtos.o
                0x00001534                rtos::timer::timer(rtos::task_base*, char const*)
                0x00001534                rtos::timer::timer(rtos::task_base*, char const*)
 .text._ZN4rtos3addEPNS_9task_baseE
                0x00001568       0x7c rtos.o
                0x00001568                rtos::add(rtos::task_base*)
 .text._ZN4rtos9task_baseC2ER9coroutineILi0EEjPKc
                0x000015e4       0x4c rtos.o
                0x000015e4                rtos::task_base::task_base(coroutine<0>&, unsigned int, char const*)
                0x000015e4                rtos::task_base::task_base(coroutine<0>&, unsigned int, char const*)
 .text._ZN5hwlib7wait_usEi
                0x00001630       0x40 rtos.o
                0x00001630                hwlib::wait_us(int)
 .text._ZN5hwlib7wait_msEi
                0x00001670       0x16 rtos.o
                0x00001670                hwlib::wait_ms(int)
 .text._ZN5hwlib17port_in_from_pins14number_of_pinsEv
                0x00001686        0x4 main.o
                0x00001686                hwlib::port_in_from_pins::number_of_pins()
 .text._ZN5hwlib17port_in_from_pins3getEv
                0x0000168a       0x2e main.o
                0x0000168a                hwlib::port_in_from_pins::get()
 .text._ZN5hwlib17port_oc_from_pins14number_of_pinsEv
                0x000016b8        0x4 main.o
                0x000016b8                hwlib::port_oc_from_pins::number_of_pins()
 .text._ZN5hwlib17port_oc_from_pins3getEv
                0x000016bc       0x2e main.o
                0x000016bc                hwlib::port_oc_from_pins::get()
 .text._ZN5hwlib17port_oc_from_pins3setEj
                0x000016ea       0x26 main.o
                0x000016ea                hwlib::port_oc_from_pins::set(unsigned int)
 .text._ZNK5hwlib16font_default_8x8ixEc
                0x00001710       0x14 main.o
                0x00001710                hwlib::font_default_8x8::operator[](char) const
 .text._ZNK5hwlib11image_16x1618get_implementationENS_8locationE
                0x00001724       0x74 main.o
                0x00001724                hwlib::image_16x16::get_implementation(hwlib::location) const
 .text._ZNK5hwlib18font_default_16x16ixEc
                0x00001798        0xc main.o
                0x00001798                hwlib::font_default_16x16::operator[](char) const
 .text._ZN5hwlib18glcd_oled_buffered5clearEv
                0x000017a4       0x1e main.o
                0x000017a4                hwlib::glcd_oled_buffered::clear()
 .text._ZN3due6pin_oc3getEv
                0x000017c2       0x10 main.o
                0x000017c2                due::pin_oc::get()
 .text._ZN3due6pin_oc3setEb
                0x000017d2       0x10 main.o
                0x000017d2                due::pin_oc::set(bool)
 .text._ZN5hwlib6keypadILi16EE4getcEv
                0x000017e2       0x24 main.o
                0x000017e2                hwlib::keypad<16>::getc()
 .text._ZN5hwlib33spi_bus_bit_banged_sclk_mosi_miso16wait_half_periodEv.isra.8
                0x00001806        0x6 main.o
 .text._ZN35register_game_parameters_controller4sendERc.isra.13
                0x0000180c       0x28 main.o
 .text._ZNK5hwlib5coloreqES0_
                0x00001834       0x36 main.o
                0x00001834                hwlib::color::operator==(hwlib::color) const
 *fill*         0x0000186a        0x2 
 .text._ZN5hwlib18glcd_oled_buffered20write_implementationENS_8locationENS_5colorE
                0x0000186c       0x78 main.o
                0x0000186c                hwlib::glcd_oled_buffered::write_implementation(hwlib::location, hwlib::color)
 .text._ZN5hwlib6window5clearEv
                0x000018e4       0x32 main.o
                0x000018e4                hwlib::window::clear()
 .text._ZN5hwlib11window_part20write_implementationENS_8locationENS_5colorE
                0x00001916       0x2e main.o
                0x00001916                hwlib::window_part::write_implementation(hwlib::location, hwlib::color)
 .text._ZN5hwlib14window_ostream4putcEc
                0x00001944      0x106 main.o
                0x00001944                hwlib::window_ostream::putc(char)
 .text._ZN5hwlib26i2c_bus_bit_banged_scl_sda9write_bitEb
                0x00001a4a       0x30 main.o
                0x00001a4a                hwlib::i2c_bus_bit_banged_scl_sda::write_bit(bool)
 .text._ZN5hwlib26i2c_bus_bit_banged_scl_sda8read_bitEv
                0x00001a7a       0x3c main.o
                0x00001a7a                hwlib::i2c_bus_bit_banged_scl_sda::read_bit()
 .text._ZN5hwlib26i2c_bus_bit_banged_scl_sda11write_startEv
                0x00001ab6       0x24 main.o
                0x00001ab6                hwlib::i2c_bus_bit_banged_scl_sda::write_start()
 .text._ZN5hwlib26i2c_bus_bit_banged_scl_sda10write_stopEv
                0x00001ada       0x40 main.o
                0x00001ada                hwlib::i2c_bus_bit_banged_scl_sda::write_stop()
 .text._ZN5hwlib26i2c_bus_bit_banged_scl_sda10write_byteEj
                0x00001b1a       0x1c main.o
                0x00001b1a                hwlib::i2c_bus_bit_banged_scl_sda::write_byte(unsigned int)
 .text._ZN5hwlib26i2c_bus_bit_banged_scl_sda5writeEjPKhj
                0x00001b36       0x3a main.o
                0x00001b36                hwlib::i2c_bus_bit_banged_scl_sda::write(unsigned int, unsigned char const*, unsigned int)
 .text._ZN5hwlib26i2c_bus_bit_banged_scl_sda4readEjPhj
                0x00001b70       0x60 main.o
                0x00001b70                hwlib::i2c_bus_bit_banged_scl_sda::read(unsigned int, unsigned char*, unsigned int)
 .text._ZN5hwlib18glcd_oled_buffered7commandEhhh
                0x00001bd0       0x30 main.o
                0x00001bd0                hwlib::glcd_oled_buffered::command(unsigned char, unsigned char, unsigned char)
 .text._ZN5hwlib18glcd_oled_buffered5flushEv
                0x00001c00       0x58 main.o
                0x00001c00                hwlib::glcd_oled_buffered::flush()
 .text._ZN3due6pin_inC2ENS_4pinsE
                0x00001c58       0x34 main.o
                0x00001c58                due::pin_in::pin_in(due::pins)
                0x00001c58                due::pin_in::pin_in(due::pins)
 .text._ZN3due6pin_ocC2ENS_4pinsE
                0x00001c8c       0x34 main.o
                0x00001c8c                due::pin_oc::pin_oc(due::pins)
                0x00001c8c                due::pin_oc::pin_oc(due::pins)
 .text._ZN5hwlib6keypadILi16EE14char_availableEv
                0x00001cc0       0x98 main.o
                0x00001cc0                hwlib::keypad<16>::char_available()
 .text._ZN11lcd_displayC2ERN5hwlib6pin_ocES2_
                0x00001d58       0xdc main.o
                0x00001d58                lcd_display::lcd_display(hwlib::pin_oc&, hwlib::pin_oc&)
                0x00001d58                lcd_display::lcd_display(hwlib::pin_oc&, hwlib::pin_oc&)
 .text._ZN11lcd_display10print_textEPKcRN5hwlib4fontE
                0x00001e34       0x68 main.o
                0x00001e34                lcd_display::print_text(char const*, hwlib::font&)
 .text._ZN22lcd_display_controller7compileEPci
                0x00001e9c       0x24 main.o
                0x00001e9c                lcd_display_controller::compile(char*, int)
 .text._ZN22lcd_display_controllerC2EPKcRN5hwlib6pin_ocES4_RN4rtos5mutexE
                0x00001ec0      0x18c main.o
                0x00001ec0                lcd_display_controller::lcd_display_controller(char const*, hwlib::pin_oc&, hwlib::pin_oc&, rtos::mutex&)
                0x00001ec0                lcd_display_controller::lcd_display_controller(char const*, hwlib::pin_oc&, hwlib::pin_oc&, rtos::mutex&)
 .text._ZN22lcd_display_controller5writeE15lcd_passthrough
                0x0000204c       0x38 main.o
                0x0000204c                lcd_display_controller::write(lcd_passthrough)
 .text.startup._ZN22lcd_display_controller4mainEv
                0x00002084      0x120 main.o
                0x00002084                lcd_display_controller::main()
 .text.startup._ZN19run_game_controller4mainEv
                0x000021a4      0x1bc main.o
                0x000021a4                run_game_controller::main()
 .text._ZN19run_game_controllerC2ER22lcd_display_controllerRN4rtos5mutexER16ir_message_logicR21my_player_information
                0x00002360      0x204 main.o
                0x00002360                run_game_controller::run_game_controller(lcd_display_controller&, rtos::mutex&, ir_message_logic&, my_player_information&)
                0x00002360                run_game_controller::run_game_controller(lcd_display_controller&, rtos::mutex&, ir_message_logic&, my_player_information&)
 .text.startup.main
                0x00002564       0x9c main.o
                0x00002564                main
 .text.Int27_Handler
                0x00002600        0x2 bmptk_cortex.o
                0x00002600                Int27_Handler
 *fill*         0x00002602        0x2 
 .text.__startup
                0x00002604       0x48 bmptk_cortex.o
                0x00002604                __startup
 .text.SysTick_Handler
                0x0000264c        0x2 bmptk_cortex.o
                0x0000264c                SysTick_Handler
 .text.__cxa_pure_virtual
                0x0000264e        0x2 bmptk_cortex.o
                0x0000264e                __cxa_pure_virtual
 .text.malloc   0x00002650       0x24 bmptk_heap_bmptk.o
                0x00002650                malloc
 .text.bmptk_heap_free
                0x00002674       0x14 bmptk_heap_bmptk.o
                0x00002674                bmptk_heap_free
 .text.bmptk_heap_used
                0x00002688       0x14 bmptk_heap_bmptk.o
                0x00002688                bmptk_heap_used
 .text.bmptk_heap_size
                0x0000269c       0x10 bmptk_heap_bmptk.o
                0x0000269c                bmptk_heap_size
 .text.bmptk_stack_size
                0x000026ac        0x6 bmptk_fixed_size_stack.o
                0x000026ac                bmptk_stack_size
 *fill*         0x000026b2        0x2 
 .text.bmptk_stack_free
                0x000026b4       0x18 bmptk_fixed_size_stack.o
                0x000026b4                bmptk_stack_free
 .text          0x000026cc       0xa0 c:/program files (x86)/gnu tools arm embedded/5.4 2016q3/bin/../lib/gcc/arm-none-eabi/5.4.1/armv7-m\libgcc.a(_aeabi_ldivmod.o)
                0x000026cc                __aeabi_ldivmod
 .text          0x0000276c      0x2ec c:/program files (x86)/gnu tools arm embedded/5.4 2016q3/bin/../lib/gcc/arm-none-eabi/5.4.1/armv7-m\libgcc.a(_udivmoddi4.o)
                0x0000276c                __udivmoddi4
 .text          0x00002a58        0x4 c:/program files (x86)/gnu tools arm embedded/5.4 2016q3/bin/../lib/gcc/arm-none-eabi/5.4.1/armv7-m\libgcc.a(_dvmd_tls.o)
                0x00002a58                __aeabi_ldiv0
 .text          0x00002a5c       0xec c:/program files (x86)/gnu tools arm embedded/5.4 2016q3/bin/../lib/gcc/arm-none-eabi/5.4.1/../../../../arm-none-eabi/lib/armv7-m\libc.a(lib_a-memcpy.o)
                0x00002a5c                memcpy
 .text.memset   0x00002b48       0x9c c:/program files (x86)/gnu tools arm embedded/5.4 2016q3/bin/../lib/gcc/arm-none-eabi/5.4.1/../../../../arm-none-eabi/lib/armv7-m\libc.a(lib_a-memset.o)
                0x00002b48                memset
                0x00002be4                . = ALIGN (0x4)
 *(.glue_7t .glue_7)
 .glue_7        0x00002be4        0x0 linker stubs
 .glue_7t       0x00002be4        0x0 linker stubs
                0x00002be4                . = ALIGN (0x4)
 *(.rodata .rodata.* .gnu.linkonce.r.*)
 .rodata._ZTVN5hwlib19_pin_in_dummy_classE
                0x00002be4        0xc hwlib.o
                0x00002be4                vtable for hwlib::_pin_in_dummy_class
 .rodata._ZTVN5hwlib19_pin_oc_dummy_classE
                0x00002bf0       0x10 hwlib.o
                0x00002bf0                vtable for hwlib::_pin_oc_dummy_class
 .rodata._ZTVN5hwlib20cout_using_uart_putcE
                0x00002c00       0x10 hwlib.o
                0x00002c00                vtable for hwlib::cout_using_uart_putc
 .rodata._ZTVN5hwlib9image_8x8E
                0x00002c10        0xc hwlib.o
                0x00002c10                vtable for hwlib::image_8x8
 .rodata._ZTVN3due6pin_inE
                0x00002c1c        0xc hwlib.o
                0x00002c1c                vtable for due::pin_in
 .rodata._ZTVN3due7pin_outE
                0x00002c28        0xc hwlib.o
                0x00002c28                vtable for due::pin_out
 .rodata._ZN5hwlibL5blackE
                0x00002c34        0x4 hwlib.o
 .rodata._ZN5hwlibL5whiteE
                0x00002c38        0x4 hwlib.o
 .rodata._ZN5hwlib16font_default_8x86imagesE
                0x00002c3c      0xa00 hwlib.o
                0x00002c3c                hwlib::font_default_8x8::images
 .rodata.str1.1
                0x0000363c       0x1b hwlib.o
                                 0x1d (size before relaxing)
 .rodata._ZZN3due8pin_infoENS_4pinsEE14pin_info_array
                0x00003657       0xa4 hwlib.o
 *fill*         0x000036fb        0x1 
 .rodata._ZTVN4rtos8waitableE
                0x000036fc        0xc rtos.o
                0x000036fc                vtable for rtos::waitable
 .rodata._ZTVN4rtos4flagE
                0x00003708        0xc rtos.o
                0x00003708                vtable for rtos::flag
 .rodata._ZTVN4rtos8callbackE
                0x00003714       0x10 rtos.o
                0x00003714                vtable for rtos::callback
 .rodata.str1.1
                0x00003724      0x348 rtos.o
                                0x364 (size before relaxing)
 .rodata._ZTVN4rtos5timerE
                0x00003a6c       0x24 rtos.o
                0x00003a6c                vtable for rtos::timer
 .rodata._ZTVN4rtos9task_baseE
                0x00003a90       0x14 rtos.o
                0x00003a90                vtable for rtos::task_base
 .rodata._ZTVN5hwlib17port_in_from_pinsE
                0x00003aa4       0x10 main.o
                0x00003aa4                vtable for hwlib::port_in_from_pins
 .rodata._ZTVN5hwlib17port_oc_from_pinsE
                0x00003ab4       0x14 main.o
                0x00003ab4                vtable for hwlib::port_oc_from_pins
 .rodata._ZTVN5hwlib14window_ostreamE
                0x00003ac8       0x10 main.o
                0x00003ac8                vtable for hwlib::window_ostream
 .rodata._ZTVN5hwlib11window_partE
                0x00003ad8       0x10 main.o
                0x00003ad8                vtable for hwlib::window_part
 .rodata._ZTVN5hwlib16font_default_8x8E
                0x00003ae8        0xc main.o
                0x00003ae8                vtable for hwlib::font_default_8x8
 .rodata._ZTVN5hwlib11image_16x16E
                0x00003af4        0xc main.o
                0x00003af4                vtable for hwlib::image_16x16
 .rodata._ZTVN5hwlib18font_default_16x16E
                0x00003b00        0xc main.o
                0x00003b00                vtable for hwlib::font_default_16x16
 .rodata._ZTVN5hwlib26i2c_bus_bit_banged_scl_sdaE
                0x00003b0c       0x10 main.o
                0x00003b0c                vtable for hwlib::i2c_bus_bit_banged_scl_sda
 .rodata._ZTVN5hwlib18glcd_oled_bufferedE
                0x00003b1c       0x10 main.o
                0x00003b1c                vtable for hwlib::glcd_oled_buffered
 .rodata._ZTVN3due6pin_ocE
                0x00003b2c       0x10 main.o
                0x00003b2c                vtable for due::pin_oc
 .rodata._ZTV22lcd_display_controller
                0x00003b3c       0x14 main.o
                0x00003b3c                vtable for lcd_display_controller
 .rodata._ZTVN5hwlib6keypadILi16EEE
                0x00003b50       0x10 main.o
                0x00003b50                vtable for hwlib::keypad<16>
 .rodata._ZTV19run_game_controller
                0x00003b60       0x14 main.o
                0x00003b60                vtable for run_game_controller
 .rodata._ZZN5hwlib18glcd_oled_bufferedC4ERNS_7i2c_busEjE13init_sequence
                0x00003b74       0x29 main.o
                0x00003b74                hwlib::glcd_oled_buffered::glcd_oled_buffered(hwlib::i2c_bus&, unsigned int)::init_sequence
 *fill*         0x00003b9d        0x3 
 .rodata        0x00003ba0      0x892 main.o
 .rodata._ZN5hwlibL5blackE
                0x00004432        0x4 main.o
 .rodata.str1.1
                0x00004436       0x86 main.o
                                 0xb5 (size before relaxing)
 .rodata._ZN5hwlibL5whiteE
                0x000044bc        0x4 main.o
                0x000044c0                . = ALIGN (0x4)
 *(.ARM.extab* .gnu.linkonce.armextab.*)
                0x000044c0                . = ALIGN (0x4)
 *(.gcc_except_table)
                0x000044c0                . = ALIGN (0x4)
 *(.eh_frame_hdr)
                0x000044c0                . = ALIGN (0x4)
 *(.eh_frame)
                0x000044c0                . = ALIGN (0x4)
                0x000044c0                __text_end = .
                [!provide]                PROVIDE (__text_end, __text_end)

.vfp11_veneer   0x000044c0        0x0
 .vfp11_veneer  0x000044c0        0x0 linker stubs

.v4_bx          0x000044c0        0x0
 .v4_bx         0x000044c0        0x0 linker stubs

.iplt           0x000044c0        0x0
 .iplt          0x000044c0        0x0 hwlib.o

.IF_YOU_SEE_THIS_YOU_HAVE_ONE_OR_MORE_GLOBAL_OBJECT_CONSTRUCTORS
 *(.init)
 *(.preinit_array)
 *(SORT(.init_array.*))
 *(.init_array)
                0x000044c0                . = ALIGN (0x4)
                0x000044c0                __exidx_start = .
                [!provide]                PROVIDE (__exidx_start, __exidx_start)

.ARM.exidx      0x000044c0        0x8
 *(.ARM.exidx* .gnu.linkonce.armexidx.*)
 .ARM.exidx     0x000044c0        0x8 c:/program files (x86)/gnu tools arm embedded/5.4 2016q3/bin/../lib/gcc/arm-none-eabi/5.4.1/armv7-m\libgcc.a(_udivmoddi4.o)

.rel.dyn        0x000044c8        0x0
 .rel.iplt      0x000044c8        0x0 hwlib.o
                0x000044c8                . = ALIGN (0x4)
                0x000044c8                __exidx_end = .
                [!provide]                PROVIDE (__exidx_end, __exidx_end)

.bss            0x20000000    0x14060
                0x20000000                . = ALIGN (0x4)
                0x20000000                __bss_start = .
                [!provide]                PROVIDE (__bss_start, __bss_start)
                0x20000000                . = ALIGN (0x4)
                0x20000000                __stack_start = .
                [!provide]                PROVIDE (__stack_start, __stack_start)
                0x20000000                . = ALIGN (0x4)
 *(.bmptk_stack)
 .bmptk_stack   0x20000000    0x14001 bmptk_fixed_size_stack.o
                0x20000000                bmptk_stack
                0x20014000                bmptk_stack_beyond
                0x20014008                . = ALIGN (0x8)
 *fill*         0x20014001        0x7 
                0x20014008                __main_stack_end = .
                [!provide]                PROVIDE (__main_stack_end, __main_stack_end)
                0x20014008                . = ALIGN (0x4)
                0x20014008                __stack_end = .
                [!provide]                PROVIDE (__stack_end, __stack_end)
                0x20014008                . = ALIGN (0x4)
 *(.bss .bss.* .gnu.linkonce.b.*)
 .bss._ZZN3due9now_ticksEvE4high
                0x20014008        0x8 hwlib.o
 .bss._ZZN3due9now_ticksEvE9init_done
                0x20014010        0x1 hwlib.o
 *fill*         0x20014011        0x3 
 .bss._ZGVZN5hwlib9uart_putcEcE3pin
                0x20014014        0x4 hwlib.o
 .bss._ZZN3due9now_ticksEvE8last_low
                0x20014018        0x4 hwlib.o
 .bss._ZZN5hwlib9uart_putcEcE3pin
                0x2001401c        0xc hwlib.o
 .bss._ZN17coroutine_context7main_spE
                0x20014028        0x4 coroutine.o
                0x20014028                coroutine_context::main_sp
 .bss._ZN4rtos17scheduler_runningE
                0x2001402c        0x1 rtos.o
                0x2001402c                rtos::scheduler_running
 .bss._ZN4rtos10must_clearE
                0x2001402d        0x1 rtos.o
                0x2001402d                rtos::must_clear
 *fill*         0x2001402e        0x2 
 .bss._ZN4rtos6clocksE
                0x20014030        0x4 rtos.o
                0x20014030                rtos::clocks
 .bss._ZN4rtos17rtos_current_taskE
                0x20014034        0x4 rtos.o
                0x20014034                rtos::rtos_current_task
 .bss._ZN4rtos9timerListE
                0x20014038        0x4 rtos.o
                0x20014038                rtos::timerList
 .bss._ZN4rtos8taskListE
                0x2001403c        0x4 rtos.o
                0x2001403c                rtos::taskList
 .bss._ZN4rtos6timersE
                0x20014040        0x4 rtos.o
                0x20014040                rtos::timers
 .bss._ZN4rtos5flagsE
                0x20014044        0x4 rtos.o
                0x20014044                rtos::flags
 .bss.last_run_time
                0x20014048        0x8 rtos.o
                0x20014048                last_run_time
 .bss._ZN4rtos5poolsE
                0x20014050        0x4 rtos.o
                0x20014050                rtos::pools
 .bss._ZN4rtos7mutexesE
                0x20014054        0x4 rtos.o
                0x20014054                rtos::mutexes
 .bss._ZN4rtos9mailboxesE
                0x20014058        0x4 rtos.o
                0x20014058                rtos::mailboxes
 .bss._ZN4rtos8channelsE
                0x2001405c        0x4 rtos.o
                0x2001405c                rtos::channels
                0x20014060                . = ALIGN (0x4)
 *(COMMON)
                0x20014060                . = ALIGN (0x4)
                0x20014060                __bss_end = .
                [!provide]                PROVIDE (__bss_end, __bss_end)

.data           0x20014060      0xc10 load address 0x000044c8
                0x20014060                . = ALIGN (0x4)
                0x000044c8                __data_init_start = LOADADDR (.data)
                [!provide]                PROVIDE (__data_init_start, __data_init_start)
                0x20014060                __data_start = .
                [!provide]                PROVIDE (__data_start, __data_start)
                0x20014060                . = ALIGN (0x4)
 *(.data .data.* .gnu.linkonce.d.*)
 .data._ZN5hwlib12pin_oc_dummyE
                0x20014060        0x4 hwlib.o
                0x20014060                hwlib::pin_oc_dummy
 .data._ZN5hwlib15font_16x16_dataE
                0x20014064      0xbe4 hwlib.o
                0x20014064                hwlib::font_16x16_data
 .data._ZN6sam3xa15SystemCoreClockE
                0x20014c48        0x4 hwlib.o
                0x20014c48                sam3xa::SystemCoreClock
 .data._ZN5hwlib12pin_in_dummyE
                0x20014c4c        0x4 hwlib.o
                0x20014c4c                hwlib::pin_in_dummy
 .data._ZN5hwlib4coutE
                0x20014c50       0x14 hwlib.o
                0x20014c50                hwlib::cout
 .data._ZN17coroutine_context24current_coroutine_sp_ptrE
                0x20014c64        0x4 coroutine.o
                0x20014c64                coroutine_context::current_coroutine_sp_ptr
 .data._last_free
                0x20014c68        0x4 bmptk_heap_bmptk.o
                0x20014c68                _last_free
 .data._first_free
                0x20014c6c        0x4 bmptk_heap_bmptk.o
                0x20014c6c                _first_free
                0x20014c70                . = ALIGN (0x4)
                0x20014c70                __data_end = .
                [!provide]                PROVIDE (__data_end, __data_end)
                0x000044c8                __data_init_end = LOADADDR (.data)
                [!provide]                PROVIDE (__data_init_end, __data_init_end)
                0x00000c10                PROVIDE (__data_size, (__data_end - __data_start))
                0x00000c10                PROVIDE (__data_init_size, __data_size)
                [!provide]                PROVIDE (__data_init_end, (__data_init_start + __data_init_size))

.igot.plt       0x20014c70        0x0 load address 0x000050d8
 .igot.plt      0x20014c70        0x0 hwlib.o
                0x20014c70                . = ALIGN (0x4)
                0x20014c70                __heap_start = .
                [!provide]                PROVIDE (__heap_start, __heap_start)
                0x20014c70                . = ALIGN (0x4)
                0x20018000                __heap_end = __ram_end
                [!provide]                PROVIDE (__heap_end, __heap_end)

.stab
 *(.stab)

.stabstr
 *(.stabstr)

.debug
 *(.debug)

.line
 *(.line)

.debug_srcinfo
 *(.debug_srcinfo)

.debug_sfnames
 *(.debug_sfnames)

.debug_aranges
 *(.debug_aranges)

.debug_pubnames
 *(.debug_pubnames)

.debug_info
 *(.debug_info .gnu.linkonce.wi.*)

.debug_abbrev
 *(.debug_abbrev)

.debug_line
 *(.debug_line)

.debug_frame    0x00000000       0xb0
 *(.debug_frame)
 .debug_frame   0x00000000       0x44 c:/program files (x86)/gnu tools arm embedded/5.4 2016q3/bin/../lib/gcc/arm-none-eabi/5.4.1/armv7-m\libgcc.a(_aeabi_ldivmod.o)
 .debug_frame   0x00000044       0x38 c:/program files (x86)/gnu tools arm embedded/5.4 2016q3/bin/../lib/gcc/arm-none-eabi/5.4.1/armv7-m\libgcc.a(_udivmoddi4.o)
 .debug_frame   0x0000007c       0x34 c:/program files (x86)/gnu tools arm embedded/5.4 2016q3/bin/../lib/gcc/arm-none-eabi/5.4.1/../../../../arm-none-eabi/lib/armv7-m\libc.a(lib_a-memset.o)

.comment        0x00000000       0x6e
 .comment       0x00000000       0x6e hwlib.o
                                 0x6f (size before relaxing)
 .comment       0x0000006e       0x6f coroutine.o
 .comment       0x0000006e       0x6f rtos.o
 .comment       0x0000006e       0x6f main.o
 .comment       0x0000006e       0x6f bmptk_cortex.o
 .comment       0x0000006e       0x6f bmptk_heap_bmptk.o
 .comment       0x0000006e       0x6f bmptk_fixed_size_stack.o

.debug_str
 *(.debug_str)

.debug_loc
 *(.debug_loc)

.debug_macinfo
 *(.debug_macinfo)

.debug_weaknames
 *(.debug_weaknames)

.debug_funcnames
 *(.debug_funcnames)

.debug_typenames
 *(.debug_typenames)

.debug_varnames
 *(.debug_varnames)

.note.gnu.arm.ident
 *(.note.gnu.arm.ident)

.ARM.attributes
                0x00000000       0x31
 *(.ARM.attributes)
 .ARM.attributes
                0x00000000       0x33 hwlib.o
 .ARM.attributes
                0x00000033       0x33 coroutine.o
 .ARM.attributes
                0x00000066       0x21 switch_to.o
 .ARM.attributes
                0x00000087       0x33 rtos.o
 .ARM.attributes
                0x000000ba       0x33 main.o
 .ARM.attributes
                0x000000ed       0x33 bmptk_cortex.o
 .ARM.attributes
                0x00000120       0x33 bmptk_heap_bmptk.o
 .ARM.attributes
                0x00000153       0x33 bmptk_fixed_size_stack.o
 .ARM.attributes
                0x00000186       0x1d c:/program files (x86)/gnu tools arm embedded/5.4 2016q3/bin/../lib/gcc/arm-none-eabi/5.4.1/armv7-m\libgcc.a(_aeabi_ldivmod.o)
 .ARM.attributes
                0x000001a3       0x2d c:/program files (x86)/gnu tools arm embedded/5.4 2016q3/bin/../lib/gcc/arm-none-eabi/5.4.1/armv7-m\libgcc.a(_udivmoddi4.o)
 .ARM.attributes
                0x000001d0       0x1d c:/program files (x86)/gnu tools arm embedded/5.4 2016q3/bin/../lib/gcc/arm-none-eabi/5.4.1/armv7-m\libgcc.a(_dvmd_tls.o)
 .ARM.attributes
                0x000001ed       0x1b c:/program files (x86)/gnu tools arm embedded/5.4 2016q3/bin/../lib/gcc/arm-none-eabi/5.4.1/../../../../arm-none-eabi/lib/armv7-m\libc.a(lib_a-memcpy.o)
 .ARM.attributes
                0x00000208       0x2d c:/program files (x86)/gnu tools arm embedded/5.4 2016q3/bin/../lib/gcc/arm-none-eabi/5.4.1/../../../../arm-none-eabi/lib/armv7-m\libc.a(lib_a-memset.o)

/DISCARD/
 *(.note.GNU-stack)
                [!provide]                PROVIDE (__text_size, (__text_end - __text_start))
                [!provide]                PROVIDE (__exidx_size, (__exidx_end - __exidx_start))
                [!provide]                PROVIDE (__bss_size, (__bss_end - __bss_start))
                [!provide]                PROVIDE (__stack_size, (__stack_end - __stack_start))
                [!provide]                PROVIDE (__heap_size, (__heap_end - __heap_start))
OUTPUT(main.elf elf32-littlearm)
