Archive member included to satisfy reference by file (symbol)

c:/program files (x86)/gnu tools arm embedded/5.4 2016q3/bin/../lib/gcc/arm-none-eabi/5.4.1/armv7-m\libgcc.a(_aeabi_ldivmod.o)
                              listenerpattern.o (__aeabi_ldivmod)
c:/program files (x86)/gnu tools arm embedded/5.4 2016q3/bin/../lib/gcc/arm-none-eabi/5.4.1/armv7-m\libgcc.a(_udivmoddi4.o)
                              c:/program files (x86)/gnu tools arm embedded/5.4 2016q3/bin/../lib/gcc/arm-none-eabi/5.4.1/armv7-m\libgcc.a(_aeabi_ldivmod.o) (__udivmoddi4)
c:/program files (x86)/gnu tools arm embedded/5.4 2016q3/bin/../lib/gcc/arm-none-eabi/5.4.1/armv7-m\libgcc.a(_dvmd_tls.o)
                              c:/program files (x86)/gnu tools arm embedded/5.4 2016q3/bin/../lib/gcc/arm-none-eabi/5.4.1/armv7-m\libgcc.a(_aeabi_ldivmod.o) (__aeabi_ldiv0)
c:/program files (x86)/gnu tools arm embedded/5.4 2016q3/bin/../lib/gcc/arm-none-eabi/5.4.1/../../../../arm-none-eabi/lib/armv7-m\libc.a(lib_a-memcpy.o)
                              main.o (memcpy)
c:/program files (x86)/gnu tools arm embedded/5.4 2016q3/bin/../lib/gcc/arm-none-eabi/5.4.1/../../../../arm-none-eabi/lib/armv7-m\libc.a(lib_a-memset.o)
                              main.o (memset)

Allocating common symbols
Common symbol       size              file

__dso_handle        0x4               bmptk_cortex.o

Discarded input sections

 .group         0x00000000        0x8 listenerpattern.o
 .group         0x00000000        0x8 listenerpattern.o
 .group         0x00000000        0x8 listenerpattern.o
 .group         0x00000000        0x8 listenerpattern.o
 .group         0x00000000        0x8 listenerpattern.o
 .group         0x00000000        0x8 listenerpattern.o
 .group         0x00000000        0x8 listenerpattern.o
 .group         0x00000000        0x8 listenerpattern.o
 .group         0x00000000        0x8 listenerpattern.o
 .group         0x00000000        0x8 listenerpattern.o
 .group         0x00000000        0x8 listenerpattern.o
 .group         0x00000000        0x8 listenerpattern.o
 .group         0x00000000        0x8 listenerpattern.o
 .group         0x00000000        0x8 listenerpattern.o
 .group         0x00000000        0x8 listenerpattern.o
 .group         0x00000000        0x8 listenerpattern.o
 .group         0x00000000        0x8 listenerpattern.o
 .group         0x00000000        0x8 listenerpattern.o
 .group         0x00000000        0xc listenerpattern.o
 .group         0x00000000        0x8 listenerpattern.o
 .group         0x00000000        0x8 listenerpattern.o
 .group         0x00000000        0x8 listenerpattern.o
 .group         0x00000000        0x8 listenerpattern.o
 .group         0x00000000        0x8 listenerpattern.o
 .group         0x00000000        0x8 listenerpattern.o
 .group         0x00000000        0x8 listenerpattern.o
 .group         0x00000000        0x8 listenerpattern.o
 .group         0x00000000        0x8 listenerpattern.o
 .text          0x00000000        0x0 listenerpattern.o
 .data          0x00000000        0x0 listenerpattern.o
 .bss           0x00000000        0x0 listenerpattern.o
 .text._ZN5hwlib20_pin_out_dummy_class3setEb
                0x00000000        0x2 listenerpattern.o
 .text._ZN5hwlib23_pin_in_out_dummy_class3setEb
                0x00000000        0x2 listenerpattern.o
 .text._ZN5hwlib23_pin_in_out_dummy_class3getEv
                0x00000000        0x4 listenerpattern.o
 .text._ZN5hwlib23_pin_in_out_dummy_class19direction_set_inputEv
                0x00000000        0x2 listenerpattern.o
 .text._ZN5hwlib23_pin_in_out_dummy_class20direction_set_outputEv
                0x00000000        0x2 listenerpattern.o
 .text._ZN5hwlib19cin_using_uart_getc4getcEv
                0x00000000        0x4 listenerpattern.o
 .text._ZN5hwlib19cin_using_uart_getc14char_availableEv
                0x00000000        0x4 listenerpattern.o
 .text._ZN5hwlib4line4drawERNS_6windowE
                0x00000000       0xa4 listenerpattern.o
 .text._ZN5hwlib6circle4drawERNS_6windowE
                0x00000000      0x2ec listenerpattern.o
 .text._ZN5hwlib5blinkERNS_7pin_outEi
                0x00000000       0x28 listenerpattern.o
 .text._ZN5hwlib4kittERNS_11port_in_outEi
                0x00000000       0x54 listenerpattern.o
 .text._ZN5hwlib4kittERNS_8port_outEi
                0x00000000       0x4e listenerpattern.o
 .text._ZN5hwlib4kittERNS_7port_ocEi
                0x00000000       0x4e listenerpattern.o
 .text._ZN5hwlib4randEv
                0x00000000       0x20 listenerpattern.o
 .text._ZN5hwlib15random_in_rangeEjj
                0x00000000       0x1a listenerpattern.o
 .text._ZN5hwlib21graphics_random_linesERNS_6windowE
                0x00000000       0xe8 listenerpattern.o
 .text._ZN5hwlib23graphics_random_circlesERNS_6windowE
                0x00000000       0x8c listenerpattern.o
 .text._ZN3due11ad_pin_infoENS_7ad_pinsE
                0x00000000       0x1c listenerpattern.o
 .text._ZN3due11ad_seq_infoEi
                0x00000000       0x20 listenerpattern.o
 .text._ZN3due11wait_us_oldEi
                0x00000000       0x28 listenerpattern.o
 .text._ZN5hwlib24uart_getc_bit_banged_pinERNS_6pin_inE
                0x00000000       0xaa listenerpattern.o
 .text._ZN6buttonC2ERN5hwlib6pin_inE
                0x00000000        0xa listenerpattern.o
 .text._ZN6button12add_listenerEP8listener
                0x00000000        0x4 listenerpattern.o
 .rodata._ZTVN5hwlib20_pin_out_dummy_classE
                0x00000000        0xc listenerpattern.o
 .rodata._ZTVN5hwlib23_pin_in_out_dummy_classE
                0x00000000       0x18 listenerpattern.o
 .rodata._ZTVN5hwlib19cin_using_uart_getcE
                0x00000000       0x10 listenerpattern.o
 .rodata._ZTVN5hwlib4lineE
                0x00000000        0xc listenerpattern.o
 .rodata._ZTVN5hwlib6circleE
                0x00000000        0xc listenerpattern.o
 .data._ZN5hwlib3cinE
                0x00000000        0x4 listenerpattern.o
 .data._ZN5hwlib16pin_in_out_dummyE
                0x00000000        0x4 listenerpattern.o
 .bss._ZZN5hwlib4randEvE1n
                0x00000000        0x4 listenerpattern.o
 .data._ZN5hwlib13pin_out_dummyE
                0x00000000        0x4 listenerpattern.o
 .rodata._ZZN3due11ad_pin_infoENS_7ad_pinsEE17ad_pin_info_array
                0x00000000        0xc listenerpattern.o
 .rodata._ZZN3due11ad_seq_infoEiE12ad_seq_array
                0x00000000       0x70 listenerpattern.o
 .group         0x00000000        0x8 hwlib.o
 .group         0x00000000        0x8 hwlib.o
 .group         0x00000000        0x8 hwlib.o
 .group         0x00000000        0x8 hwlib.o
 .group         0x00000000        0x8 hwlib.o
 .group         0x00000000        0x8 hwlib.o
 .group         0x00000000        0x8 hwlib.o
 .group         0x00000000        0x8 hwlib.o
 .group         0x00000000        0x8 hwlib.o
 .group         0x00000000        0x8 hwlib.o
 .group         0x00000000        0x8 hwlib.o
 .group         0x00000000        0x8 hwlib.o
 .group         0x00000000        0x8 hwlib.o
 .group         0x00000000        0x8 hwlib.o
 .group         0x00000000        0x8 hwlib.o
 .group         0x00000000        0x8 hwlib.o
 .group         0x00000000        0x8 hwlib.o
 .group         0x00000000        0x8 hwlib.o
 .group         0x00000000        0x8 hwlib.o
 .group         0x00000000        0x8 hwlib.o
 .group         0x00000000        0x8 hwlib.o
 .group         0x00000000        0x8 hwlib.o
 .group         0x00000000        0x8 hwlib.o
 .group         0x00000000        0x8 hwlib.o
 .group         0x00000000        0x8 hwlib.o
 .group         0x00000000        0x8 hwlib.o
 .group         0x00000000        0x8 hwlib.o
 .group         0x00000000        0x8 hwlib.o
 .group         0x00000000        0x8 hwlib.o
 .group         0x00000000        0x8 hwlib.o
 .group         0x00000000        0x8 hwlib.o
 .group         0x00000000        0x8 hwlib.o
 .group         0x00000000        0x8 hwlib.o
 .text          0x00000000        0x0 hwlib.o
 .data          0x00000000        0x0 hwlib.o
 .bss           0x00000000        0x0 hwlib.o
 .text._ZN5hwlib19_pin_in_dummy_class3getEv
                0x00000000        0x4 hwlib.o
 .text._ZN5hwlib20_pin_out_dummy_class3setEb
                0x00000000        0x2 hwlib.o
 .text._ZN5hwlib23_pin_in_out_dummy_class3setEb
                0x00000000        0x2 hwlib.o
 .text._ZN5hwlib23_pin_in_out_dummy_class3getEv
                0x00000000        0x4 hwlib.o
 .text._ZN5hwlib23_pin_in_out_dummy_class19direction_set_inputEv
                0x00000000        0x2 hwlib.o
 .text._ZN5hwlib23_pin_in_out_dummy_class20direction_set_outputEv
                0x00000000        0x2 hwlib.o
 .text._ZN5hwlib19_pin_oc_dummy_class3setEb
                0x00000000        0x2 hwlib.o
 .text._ZN5hwlib19_pin_oc_dummy_class3getEv
                0x00000000        0x4 hwlib.o
 .text._ZN5hwlib7ostream5flushEv
                0x00000000        0x2 hwlib.o
 .text._ZN5hwlib7ostream6fillerEi
                0x00000000       0x1a hwlib.o
 .text._ZN5hwliblsERNS_7ostreamEPKc
                0x00000000       0x54 hwlib.o
 .text._ZN5hwliblsERNS_7ostreamENS_8locationE
                0x00000000       0x38 hwlib.o
 .text._ZN5hwlib6window5writeENS_8locationENS_5colorE
                0x00000000       0x3e hwlib.o
 .text._ZN5hwlib4line4drawERNS_6windowE
                0x00000000       0xa4 hwlib.o
 .text._ZN5hwlib6circle4drawERNS_6windowE
                0x00000000      0x2ec hwlib.o
 .text._ZN5hwlib4randEv
                0x00000000       0x20 hwlib.o
 .text._ZN5hwlib15random_in_rangeEjj
                0x00000000       0x1a hwlib.o
 .text._ZN6sam3xa10SystemInitEv
                0x00000000       0x88 hwlib.o
 .text._ZN3due8pin_infoENS_4pinsE
                0x00000000       0x20 hwlib.o
 .text._ZN3due11ad_pin_infoENS_7ad_pinsE
                0x00000000       0x1c hwlib.o
 .text._ZN3due11ad_seq_infoEi
                0x00000000       0x20 hwlib.o
 .text._ZN3due14port_registersEi
                0x00000000       0x48 hwlib.o
 .text._ZN3due9now_ticksEv
                0x00000000       0x60 hwlib.o
 .text._ZN3due6now_usEv
                0x00000000       0x10 hwlib.o
 .text._ZN3due11wait_us_oldEi
                0x00000000       0x28 hwlib.o
 .text._ZN5hwlib9now_ticksEv
                0x00000000        0x8 hwlib.o
 .text._ZN5hwlib24uart_putc_bit_banged_pinEcRNS_7pin_outE
                0x00000000       0xc8 hwlib.o
 .text._ZN5hwlib6now_usEv
                0x00000000        0x8 hwlib.o
 .text._ZN5hwlib7wait_usEi
                0x00000000       0x20 hwlib.o
 .text._ZN5hwlib24uart_getc_bit_banged_pinERNS_6pin_inE
                0x00000000       0xaa hwlib.o
 .text._ZN5hwlib7wait_nsEi
                0x00000000       0x10 hwlib.o
 .text._ZN5hwlib7wait_msEi
                0x00000000       0x16 hwlib.o
 .text._ZN5hwlib5blinkERNS_7pin_outEi
                0x00000000       0x28 hwlib.o
 .text._ZN5hwlib4kittERNS_11port_in_outEi
                0x00000000       0x54 hwlib.o
 .text._ZN5hwlib4kittERNS_8port_outEi
                0x00000000       0x4e hwlib.o
 .text._ZN5hwlib4kittERNS_7port_ocEi
                0x00000000       0x4e hwlib.o
 .text._ZN5hwlib21graphics_random_linesERNS_6windowE
                0x00000000       0xe8 hwlib.o
 .text._ZN5hwlib23graphics_random_circlesERNS_6windowE
                0x00000000       0x8c hwlib.o
 .text._ZN5hwlib20cout_using_uart_putc4putcEc
                0x00000000        0xa hwlib.o
 .text._ZN5hwlib19uart_char_availableEv
                0x00000000       0x40 hwlib.o
 .text._ZN5hwlib19cin_using_uart_getc14char_availableEv
                0x00000000        0x8 hwlib.o
 .text._ZN5hwlib9uart_getcEv
                0x00000000       0x38 hwlib.o
 .text._ZN5hwlib19cin_using_uart_getc4getcEv
                0x00000000        0x8 hwlib.o
 .rodata._ZTVN5hwlib19_pin_in_dummy_classE
                0x00000000        0xc hwlib.o
 .rodata._ZTVN5hwlib20_pin_out_dummy_classE
                0x00000000        0xc hwlib.o
 .rodata._ZTVN5hwlib23_pin_in_out_dummy_classE
                0x00000000       0x18 hwlib.o
 .rodata._ZTVN5hwlib19_pin_oc_dummy_classE
                0x00000000       0x10 hwlib.o
 .rodata._ZTVN5hwlib20cout_using_uart_putcE
                0x00000000       0x10 hwlib.o
 .rodata._ZTVN5hwlib19cin_using_uart_getcE
                0x00000000       0x10 hwlib.o
 .rodata._ZTVN5hwlib4lineE
                0x00000000        0xc hwlib.o
 .rodata._ZTVN5hwlib6circleE
                0x00000000        0xc hwlib.o
 .bss._ZZN3due9now_ticksEvE4high
                0x00000000        0x8 hwlib.o
 .rodata._ZZN3due11ad_pin_infoENS_7ad_pinsEE17ad_pin_info_array
                0x00000000        0xc hwlib.o
 .data._ZN5hwlib13pin_out_dummyE
                0x00000000        0x4 hwlib.o
 .bss._ZZN3due9now_ticksEvE9init_done
                0x00000000        0x1 hwlib.o
 .bss._ZZN5hwlib4randEvE1n
                0x00000000        0x4 hwlib.o
 .bss._ZZN5hwlib9uart_getcEvE3pin
                0x00000000        0xc hwlib.o
 .data._ZN5hwlib12pin_oc_dummyE
                0x00000000        0x4 hwlib.o
 .data._ZN5hwlib16pin_in_out_dummyE
                0x00000000        0x4 hwlib.o
 .data._ZN6sam3xa15SystemCoreClockE
                0x00000000        0x4 hwlib.o
 .data._ZN5hwlib3cinE
                0x00000000        0x4 hwlib.o
 .data._ZN5hwlib12pin_in_dummyE
                0x00000000        0x4 hwlib.o
 .bss._ZZN3due9now_ticksEvE8last_low
                0x00000000        0x4 hwlib.o
 .bss._ZGVZN5hwlib19uart_char_availableEvE3pin
                0x00000000        0x4 hwlib.o
 .rodata._ZZN3due11ad_seq_infoEiE12ad_seq_array
                0x00000000       0x70 hwlib.o
 .bss._ZGVZN5hwlib9uart_getcEvE3pin
                0x00000000        0x4 hwlib.o
 .data._ZN5hwlib4coutE
                0x00000000       0x14 hwlib.o
 .rodata.str1.1
                0x00000000       0x1d hwlib.o
 .rodata._ZZN3due8pin_infoENS_4pinsEE14pin_info_array
                0x00000000       0xa4 hwlib.o
 .bss._ZZN5hwlib19uart_char_availableEvE3pin
                0x00000000        0xc hwlib.o
 .text          0x00000000        0x0 coroutine.o
 .data          0x00000000        0x0 coroutine.o
 .bss           0x00000000        0x0 coroutine.o
 .data          0x00000000        0x0 switch_to.o
 .bss           0x00000000        0x0 switch_to.o
 .group         0x00000000        0x8 rtos.o
 .group         0x00000000        0x8 rtos.o
 .group         0x00000000        0x8 rtos.o
 .group         0x00000000        0x8 rtos.o
 .group         0x00000000        0x8 rtos.o
 .group         0x00000000        0x8 rtos.o
 .group         0x00000000        0x8 rtos.o
 .group         0x00000000        0x8 rtos.o
 .group         0x00000000        0x8 rtos.o
 .group         0x00000000        0x8 rtos.o
 .group         0x00000000        0x8 rtos.o
 .group         0x00000000        0x8 rtos.o
 .group         0x00000000        0x8 rtos.o
 .group         0x00000000        0x8 rtos.o
 .group         0x00000000        0x8 rtos.o
 .group         0x00000000        0x8 rtos.o
 .group         0x00000000        0x8 rtos.o
 .group         0x00000000        0x8 rtos.o
 .group         0x00000000        0x8 rtos.o
 .group         0x00000000        0x8 rtos.o
 .group         0x00000000        0x8 rtos.o
 .group         0x00000000        0x8 rtos.o
 .group         0x00000000        0x8 rtos.o
 .group         0x00000000        0x8 rtos.o
 .group         0x00000000        0x8 rtos.o
 .group         0x00000000        0x8 rtos.o
 .group         0x00000000        0x8 rtos.o
 .group         0x00000000        0x8 rtos.o
 .group         0x00000000        0x8 rtos.o
 .group         0x00000000        0x8 rtos.o
 .group         0x00000000        0x8 rtos.o
 .group         0x00000000        0x8 rtos.o
 .group         0x00000000        0x8 rtos.o
 .group         0x00000000        0x8 rtos.o
 .group         0x00000000        0x8 rtos.o
 .group         0x00000000        0x8 rtos.o
 .group         0x00000000        0x8 rtos.o
 .text          0x00000000        0x0 rtos.o
 .data          0x00000000        0x0 rtos.o
 .bss           0x00000000        0x0 rtos.o
 .text._ZN5hwlib19_pin_in_dummy_class3getEv
                0x00000000        0x4 rtos.o
 .text._ZN5hwlib20_pin_out_dummy_class3setEb
                0x00000000        0x2 rtos.o
 .text._ZN5hwlib23_pin_in_out_dummy_class3setEb
                0x00000000        0x2 rtos.o
 .text._ZN5hwlib23_pin_in_out_dummy_class3getEv
                0x00000000        0x4 rtos.o
 .text._ZN5hwlib23_pin_in_out_dummy_class19direction_set_inputEv
                0x00000000        0x2 rtos.o
 .text._ZN5hwlib23_pin_in_out_dummy_class20direction_set_outputEv
                0x00000000        0x2 rtos.o
 .text._ZN5hwlib19_pin_oc_dummy_class3setEb
                0x00000000        0x2 rtos.o
 .text._ZN5hwlib19_pin_oc_dummy_class3getEv
                0x00000000        0x4 rtos.o
 .text._ZN5hwlib7ostream5flushEv
                0x00000000        0x2 rtos.o
 .text._ZN5hwlib20cout_using_uart_putc4putcEc
                0x00000000        0x6 rtos.o
 .text._ZN5hwlib19cin_using_uart_getc4getcEv
                0x00000000        0x4 rtos.o
 .text._ZN5hwlib19cin_using_uart_getc14char_availableEv
                0x00000000        0x4 rtos.o
 .text._ZN5hwliblsERNS_7ostreamEPKc
                0x00000000       0x68 rtos.o
 .text._ZN5hwliblsERNS_7ostreamEi
                0x00000000       0x92 rtos.o
 .text._ZN5hwlib6window5writeENS_8locationENS_5colorE
                0x00000000       0x3e rtos.o
 .text._ZN5hwlib4line4drawERNS_6windowE
                0x00000000       0xa4 rtos.o
 .text._ZN5hwlib6circle4drawERNS_6windowE
                0x00000000      0x2ec rtos.o
 .text._ZN5hwlib4randEv
                0x00000000       0x20 rtos.o
 .text._ZN5hwlib15random_in_rangeEjj
                0x00000000       0x1a rtos.o
 .text._ZN6sam3xa10SystemInitEv
                0x00000000       0x88 rtos.o
 .text._ZN3due8pin_infoENS_4pinsE
                0x00000000       0x20 rtos.o
 .text._ZN3due11ad_pin_infoENS_7ad_pinsE
                0x00000000       0x1c rtos.o
 .text._ZN3due11ad_seq_infoEi
                0x00000000       0x20 rtos.o
 .text._ZN3due14port_registersEi
                0x00000000       0x48 rtos.o
 .text._ZN3due9now_ticksEv
                0x00000000       0x60 rtos.o
 .text._ZN3due6now_usEv
                0x00000000       0x10 rtos.o
 .text._ZN3due11wait_us_oldEi
                0x00000000       0x28 rtos.o
 .text._ZN5hwlib9now_ticksEv
                0x00000000        0x8 rtos.o
 .text._ZN5hwlib24uart_putc_bit_banged_pinEcRNS_7pin_outE
                0x00000000       0xc8 rtos.o
 .text._ZN5hwlib6now_usEv
                0x00000000        0x8 rtos.o
 .text._ZNK4rtos5eventneERKS0_
                0x00000000       0x3c rtos.o
 .text._ZNK4rtos5eventneERKNS_8waitableE
                0x00000000       0x1a rtos.o
 .text._ZNK4rtos5event5printERN5hwlib7ostreamE
                0x00000000       0x30 rtos.o
 .text._ZN4rtos5timer3setEm
                0x00000000        0xe rtos.o
 .text._ZN4rtos5timer5startEm
                0x00000000        0xe rtos.o
 .text._ZlsRN5hwlib7ostreamERKN4rtos9task_baseE
                0x00000000       0x12 rtos.o
 .text._ZlsRN5hwlib7ostreamERKN4rtos4flagE
                0x00000000       0x12 rtos.o
 .text._ZlsRN5hwlib7ostreamERKN4rtos5eventE
                0x00000000       0x10 rtos.o
 .text._ZlsRN5hwlib7ostreamERKN4rtos5timerE
                0x00000000       0x12 rtos.o
 .text._ZlsRN5hwlib7ostreamERKN4rtos5clockE
                0x00000000       0x12 rtos.o
 .text._ZlsRN5hwlib7ostreamERKN4rtos12channel_baseE
                0x00000000       0x12 rtos.o
 .text._ZlsRN5hwlib7ostreamERKN4rtos5mutexE
                0x00000000       0x12 rtos.o
 .text._ZlsRN5hwlib7ostreamERKN4rtos12mailbox_baseE
                0x00000000       0x12 rtos.o
 .text._ZlsRN5hwlib7ostreamERKN4rtos9pool_baseE
                0x00000000       0x12 rtos.o
 .text._ZNK4rtos9task_base4nameEv
                0x00000000        0x4 rtos.o
 .text._ZN4rtos3addEPNS_12mailbox_baseE
                0x00000000       0x10 rtos.o
 .text._ZN4rtos12mailbox_baseC2EPKc
                0x00000000       0x20 rtos.o
 .text._ZN4rtos19do_statistics_clearEv
                0x00000000       0x18 rtos.o
 .text._ZN4rtos18display_statisticsEv
                0x00000000       0x28 rtos.o
 .text._ZN5hwlib24uart_getc_bit_banged_pinERNS_6pin_inE
                0x00000000       0xaa rtos.o
 .text._ZN5hwlib7wait_nsEi
                0x00000000       0x10 rtos.o
 .text._ZN5hwlib5blinkERNS_7pin_outEi
                0x00000000       0x28 rtos.o
 .text._ZN5hwlib4kittERNS_11port_in_outEi
                0x00000000       0x54 rtos.o
 .text._ZN5hwlib4kittERNS_8port_outEi
                0x00000000       0x4e rtos.o
 .text._ZN5hwlib4kittERNS_7port_ocEi
                0x00000000       0x4e rtos.o
 .text._ZN5hwlib21graphics_random_linesERNS_6windowE
                0x00000000       0xe8 rtos.o
 .text._ZN5hwlib23graphics_random_circlesERNS_6windowE
                0x00000000       0x8c rtos.o
 .rodata._ZTVN5hwlib19_pin_in_dummy_classE
                0x00000000        0xc rtos.o
 .rodata._ZTVN5hwlib20_pin_out_dummy_classE
                0x00000000        0xc rtos.o
 .rodata._ZTVN5hwlib23_pin_in_out_dummy_classE
                0x00000000       0x18 rtos.o
 .rodata._ZTVN5hwlib19_pin_oc_dummy_classE
                0x00000000       0x10 rtos.o
 .rodata._ZTVN5hwlib20cout_using_uart_putcE
                0x00000000       0x10 rtos.o
 .rodata._ZTVN5hwlib19cin_using_uart_getcE
                0x00000000       0x10 rtos.o
 .rodata._ZTVN5hwlib4lineE
                0x00000000        0xc rtos.o
 .rodata._ZTVN5hwlib6circleE
                0x00000000        0xc rtos.o
 .rodata._ZZN3due11ad_pin_infoENS_7ad_pinsEE17ad_pin_info_array
                0x00000000        0xc rtos.o
 .bss._ZZN3due9now_ticksEvE9init_done
                0x00000000        0x1 rtos.o
 .data._ZN5hwlib13pin_out_dummyE
                0x00000000        0x4 rtos.o
 .bss._ZZN5hwlib4randEvE1n
                0x00000000        0x4 rtos.o
 .rodata._ZZN3due11ad_seq_infoEiE12ad_seq_array
                0x00000000       0x70 rtos.o
 .data._ZN5hwlib12pin_oc_dummyE
                0x00000000        0x4 rtos.o
 .data._ZN5hwlib16pin_in_out_dummyE
                0x00000000        0x4 rtos.o
 .data._ZN6sam3xa15SystemCoreClockE
                0x00000000        0x4 rtos.o
 .data._ZN5hwlib12pin_in_dummyE
                0x00000000        0x4 rtos.o
 .bss._ZZN3due9now_ticksEvE8last_low
                0x00000000        0x4 rtos.o
 .data._ZN5hwlib3cinE
                0x00000000        0x4 rtos.o
 .bss._ZZN3due9now_ticksEvE4high
                0x00000000        0x8 rtos.o
 .rodata._ZZN3due8pin_infoENS_4pinsEE14pin_info_array
                0x00000000       0xa4 rtos.o
 .data._ZN5hwlib4coutE
                0x00000000       0x14 rtos.o
 .group         0x00000000        0x8 main.o
 .group         0x00000000        0x8 main.o
 .group         0x00000000        0x8 main.o
 .group         0x00000000        0x8 main.o
 .group         0x00000000        0x8 main.o
 .group         0x00000000        0x8 main.o
 .group         0x00000000        0x8 main.o
 .group         0x00000000        0x8 main.o
 .group         0x00000000        0x8 main.o
 .group         0x00000000        0x8 main.o
 .group         0x00000000        0x8 main.o
 .group         0x00000000        0x8 main.o
 .group         0x00000000        0x8 main.o
 .group         0x00000000        0x8 main.o
 .group         0x00000000        0x8 main.o
 .group         0x00000000        0x8 main.o
 .group         0x00000000        0x8 main.o
 .group         0x00000000        0x8 main.o
 .group         0x00000000        0x8 main.o
 .group         0x00000000        0x8 main.o
 .group         0x00000000        0x8 main.o
 .group         0x00000000        0x8 main.o
 .group         0x00000000        0x8 main.o
 .group         0x00000000        0x8 main.o
 .group         0x00000000        0x8 main.o
 .group         0x00000000        0x8 main.o
 .group         0x00000000        0x8 main.o
 .group         0x00000000        0x8 main.o
 .group         0x00000000        0x8 main.o
 .group         0x00000000        0x8 main.o
 .group         0x00000000        0xc main.o
 .group         0x00000000        0x8 main.o
 .group         0x00000000        0x8 main.o
 .group         0x00000000        0x8 main.o
 .group         0x00000000        0x8 main.o
 .group         0x00000000        0x8 main.o
 .group         0x00000000        0x8 main.o
 .group         0x00000000        0x8 main.o
 .group         0x00000000        0x8 main.o
 .group         0x00000000        0x8 main.o
 .group         0x00000000        0x8 main.o
 .group         0x00000000        0x8 main.o
 .group         0x00000000        0x8 main.o
 .group         0x00000000        0x8 main.o
 .group         0x00000000        0x8 main.o
 .group         0x00000000        0x8 main.o
 .group         0x00000000        0x8 main.o
 .group         0x00000000        0x8 main.o
 .group         0x00000000        0x8 main.o
 .group         0x00000000        0x8 main.o
 .group         0x00000000        0x8 main.o
 .group         0x00000000        0x8 main.o
 .group         0x00000000        0x8 main.o
 .group         0x00000000        0x8 main.o
 .group         0x00000000        0x8 main.o
 .group         0x00000000        0x8 main.o
 .group         0x00000000        0x8 main.o
 .group         0x00000000        0x8 main.o
 .group         0x00000000        0x8 main.o
 .group         0x00000000        0x8 main.o
 .group         0x00000000        0x8 main.o
 .group         0x00000000        0x8 main.o
 .group         0x00000000        0x8 main.o
 .group         0x00000000        0x8 main.o
 .group         0x00000000        0x8 main.o
 .group         0x00000000        0x8 main.o
 .group         0x00000000        0x8 main.o
 .group         0x00000000        0x8 main.o
 .group         0x00000000        0x8 main.o
 .group         0x00000000        0x8 main.o
 .group         0x00000000        0x8 main.o
 .group         0x00000000        0x8 main.o
 .group         0x00000000        0x8 main.o
 .group         0x00000000        0x8 main.o
 .group         0x00000000        0x8 main.o
 .group         0x00000000        0x8 main.o
 .group         0x00000000        0x8 main.o
 .group         0x00000000        0x8 main.o
 .group         0x00000000        0x8 main.o
 .group         0x00000000        0x8 main.o
 .group         0x00000000        0x8 main.o
 .group         0x00000000        0x8 main.o
 .group         0x00000000        0x8 main.o
 .group         0x00000000        0x8 main.o
 .group         0x00000000        0x8 main.o
 .group         0x00000000        0x8 main.o
 .group         0x00000000        0x8 main.o
 .group         0x00000000        0x8 main.o
 .group         0x00000000        0x8 main.o
 .group         0x00000000        0x8 main.o
 .group         0x00000000        0x8 main.o
 .group         0x00000000        0x8 main.o
 .group         0x00000000        0x8 main.o
 .group         0x00000000        0x8 main.o
 .group         0x00000000        0x8 main.o
 .group         0x00000000        0x8 main.o
 .group         0x00000000        0x8 main.o
 .group         0x00000000        0x8 main.o
 .group         0x00000000        0x8 main.o
 .group         0x00000000        0x8 main.o
 .group         0x00000000        0x8 main.o
 .group         0x00000000        0x8 main.o
 .group         0x00000000        0x8 main.o
 .group         0x00000000        0x8 main.o
 .group         0x00000000        0x8 main.o
 .group         0x00000000        0x8 main.o
 .text          0x00000000        0x0 main.o
 .data          0x00000000        0x0 main.o
 .bss           0x00000000        0x0 main.o
 .text._ZN5hwlib19_pin_in_dummy_class3getEv
                0x00000000        0x4 main.o
 .text._ZN5hwlib20_pin_out_dummy_class3setEb
                0x00000000        0x2 main.o
 .text._ZN5hwlib23_pin_in_out_dummy_class3setEb
                0x00000000        0x2 main.o
 .text._ZN5hwlib23_pin_in_out_dummy_class3getEv
                0x00000000        0x4 main.o
 .text._ZN5hwlib23_pin_in_out_dummy_class19direction_set_inputEv
                0x00000000        0x2 main.o
 .text._ZN5hwlib23_pin_in_out_dummy_class20direction_set_outputEv
                0x00000000        0x2 main.o
 .text._ZN5hwlib19_pin_oc_dummy_class3setEb
                0x00000000        0x2 main.o
 .text._ZN5hwlib19_pin_oc_dummy_class3getEv
                0x00000000        0x4 main.o
 .text._ZN5hwlib7ostream5flushEv
                0x00000000        0x2 main.o
 .text._ZN3due6pin_in3getEv
                0x00000000       0x10 main.o
 .text._ZN3due7pin_out3setEb
                0x00000000        0xe main.o
 .text._ZN4rtos8callback6cancelEv
                0x00000000        0xa main.o
 .text._ZN5hwlib20cout_using_uart_putc4putcEc
                0x00000000        0x6 main.o
 .text._ZN5hwlib19cin_using_uart_getc4getcEv
                0x00000000        0x4 main.o
 .text._ZN5hwlib19cin_using_uart_getc14char_availableEv
                0x00000000        0x4 main.o
 .text._ZN4rtos8waitable5clearEv
                0x00000000        0xa main.o
 .text._ZN5hwlib7ostreamlsEc
                0x00000000        0xe main.o
 .text._ZN5hwliblsERNS_7ostreamEPKc
                0x00000000       0x68 main.o
 .text._ZN5hwlib6window5writeENS_8locationENS_5colorE
                0x00000000       0x3e main.o
 .text._ZN5hwlib4line4drawERNS_6windowE
                0x00000000       0xa4 main.o
 .text._ZN5hwlib6circle4drawERNS_6windowE
                0x00000000      0x30c main.o
 .text._ZN5hwlib5blinkERNS_7pin_outEi
                0x00000000       0x28 main.o
 .text._ZN5hwlib4kittERNS_11port_in_outEi
                0x00000000       0x54 main.o
 .text._ZN5hwlib4kittERNS_8port_outEi
                0x00000000       0x4e main.o
 .text._ZN5hwlib4kittERNS_7port_ocEi
                0x00000000       0x4e main.o
 .text._ZN5hwlib4randEv
                0x00000000       0x20 main.o
 .text._ZN5hwlib15random_in_rangeEjj
                0x00000000       0x1a main.o
 .text._ZN5hwlib21graphics_random_linesERNS_6windowE
                0x00000000       0xe8 main.o
 .text._ZN5hwlib23graphics_random_circlesERNS_6windowE
                0x00000000       0x8c main.o
 .text._ZN6sam3xa10SystemInitEv
                0x00000000       0x88 main.o
 .text._ZN3due8pin_infoENS_4pinsE
                0x00000000       0x20 main.o
 .text._ZN3due11ad_pin_infoENS_7ad_pinsE
                0x00000000       0x1c main.o
 .text._ZN3due11ad_seq_infoEi
                0x00000000       0x20 main.o
 .text._ZN3due14port_registersEi
                0x00000000       0x48 main.o
 .text._ZN3due9now_ticksEv
                0x00000000       0x60 main.o
 .text._ZN3due6now_usEv
                0x00000000       0x10 main.o
 .text._ZN3due11wait_us_oldEi
                0x00000000       0x28 main.o
 .text._ZN5hwlib9now_ticksEv
                0x00000000        0x8 main.o
 .text._ZN5hwlib24uart_putc_bit_banged_pinEcRNS_7pin_outE
                0x00000000       0xc8 main.o
 .text._ZN5hwlib24uart_getc_bit_banged_pinERNS_6pin_inE
                0x00000000       0xaa main.o
 .text._ZN5hwlib6now_usEv
                0x00000000        0x8 main.o
 .text._ZN4rtos8callbackD2Ev
                0x00000000       0x30 main.o
 .rodata._ZTVN5hwlib19_pin_in_dummy_classE
                0x00000000        0xc main.o
 .rodata._ZTVN5hwlib20_pin_out_dummy_classE
                0x00000000        0xc main.o
 .rodata._ZTVN5hwlib23_pin_in_out_dummy_classE
                0x00000000       0x18 main.o
 .rodata._ZTVN5hwlib19_pin_oc_dummy_classE
                0x00000000       0x10 main.o
 .rodata._ZTVN5hwlib20cout_using_uart_putcE
                0x00000000       0x10 main.o
 .rodata._ZTVN5hwlib19cin_using_uart_getcE
                0x00000000       0x10 main.o
 .rodata._ZTVN5hwlib4lineE
                0x00000000        0xc main.o
 .rodata._ZTVN5hwlib6circleE
                0x00000000        0xc main.o
 .rodata._ZTVN3due6pin_inE
                0x00000000        0xc main.o
 .rodata._ZTVN3due7pin_outE
                0x00000000        0xc main.o
 .rodata._ZTVN4rtos8callbackE
                0x00000000       0x10 main.o
 .data._ZN5hwlib12pin_in_dummyE
                0x00000000        0x4 main.o
 .data._ZN5hwlib16pin_in_out_dummyE
                0x00000000        0x4 main.o
 .data._ZN5hwlib3cinE
                0x00000000        0x4 main.o
 .bss._ZZN3due9now_ticksEvE4high
                0x00000000        0x8 main.o
 .data._ZN5hwlib12pin_oc_dummyE
                0x00000000        0x4 main.o
 .bss._ZZN5hwlib4randEvE1n
                0x00000000        0x4 main.o
 .data._ZN5hwlib13pin_out_dummyE
                0x00000000        0x4 main.o
 .data._ZN6sam3xa15SystemCoreClockE
                0x00000000        0x4 main.o
 .rodata._ZZN3due11ad_pin_infoENS_7ad_pinsEE17ad_pin_info_array
                0x00000000        0xc main.o
 .bss._ZZN3due9now_ticksEvE8last_low
                0x00000000        0x4 main.o
 .bss._ZZN3due9now_ticksEvE9init_done
                0x00000000        0x1 main.o
 .rodata._ZZN3due8pin_infoENS_4pinsEE14pin_info_array
                0x00000000       0xa4 main.o
 .rodata._ZN5hwlibL11transparentE
                0x00000000        0x4 main.o
 .rodata._ZZN3due11ad_seq_infoEiE12ad_seq_array
                0x00000000       0x70 main.o
 .data._ZN5hwlib4coutE
                0x00000000       0x14 main.o
 .text          0x00000000        0x0 bmptk_cortex.o
 .data          0x00000000        0x0 bmptk_cortex.o
 .bss           0x00000000        0x0 bmptk_cortex.o
 .text.__aeabi_idiv0
                0x00000000        0x4 bmptk_cortex.o
 COMMON         0x00000000        0x4 bmptk_cortex.o
 .text          0x00000000        0x0 bmptk_heap_bmptk.o
 .data          0x00000000        0x0 bmptk_heap_bmptk.o
 .bss           0x00000000        0x0 bmptk_heap_bmptk.o
 .text.free     0x00000000        0x4 bmptk_heap_bmptk.o
 .text          0x00000000        0x0 bmptk_fixed_size_stack.o
 .data          0x00000000        0x0 bmptk_fixed_size_stack.o
 .bss           0x00000000        0x0 bmptk_fixed_size_stack.o
 .text.bmptk_stack_used
                0x00000000        0xc bmptk_fixed_size_stack.o
 .data          0x00000000        0x0 c:/program files (x86)/gnu tools arm embedded/5.4 2016q3/bin/../lib/gcc/arm-none-eabi/5.4.1/armv7-m\libgcc.a(_aeabi_ldivmod.o)
 .bss           0x00000000        0x0 c:/program files (x86)/gnu tools arm embedded/5.4 2016q3/bin/../lib/gcc/arm-none-eabi/5.4.1/armv7-m\libgcc.a(_aeabi_ldivmod.o)
 .data          0x00000000        0x0 c:/program files (x86)/gnu tools arm embedded/5.4 2016q3/bin/../lib/gcc/arm-none-eabi/5.4.1/armv7-m\libgcc.a(_udivmoddi4.o)
 .bss           0x00000000        0x0 c:/program files (x86)/gnu tools arm embedded/5.4 2016q3/bin/../lib/gcc/arm-none-eabi/5.4.1/armv7-m\libgcc.a(_udivmoddi4.o)
 .ARM.extab     0x00000000        0x0 c:/program files (x86)/gnu tools arm embedded/5.4 2016q3/bin/../lib/gcc/arm-none-eabi/5.4.1/armv7-m\libgcc.a(_udivmoddi4.o)
 .data          0x00000000        0x0 c:/program files (x86)/gnu tools arm embedded/5.4 2016q3/bin/../lib/gcc/arm-none-eabi/5.4.1/armv7-m\libgcc.a(_dvmd_tls.o)
 .bss           0x00000000        0x0 c:/program files (x86)/gnu tools arm embedded/5.4 2016q3/bin/../lib/gcc/arm-none-eabi/5.4.1/armv7-m\libgcc.a(_dvmd_tls.o)
 .data          0x00000000        0x0 c:/program files (x86)/gnu tools arm embedded/5.4 2016q3/bin/../lib/gcc/arm-none-eabi/5.4.1/../../../../arm-none-eabi/lib/armv7-m\libc.a(lib_a-memcpy.o)
 .bss           0x00000000        0x0 c:/program files (x86)/gnu tools arm embedded/5.4 2016q3/bin/../lib/gcc/arm-none-eabi/5.4.1/../../../../arm-none-eabi/lib/armv7-m\libc.a(lib_a-memcpy.o)
 .text          0x00000000        0x0 c:/program files (x86)/gnu tools arm embedded/5.4 2016q3/bin/../lib/gcc/arm-none-eabi/5.4.1/../../../../arm-none-eabi/lib/armv7-m\libc.a(lib_a-memset.o)
 .data          0x00000000        0x0 c:/program files (x86)/gnu tools arm embedded/5.4 2016q3/bin/../lib/gcc/arm-none-eabi/5.4.1/../../../../arm-none-eabi/lib/armv7-m\libc.a(lib_a-memset.o)
 .bss           0x00000000        0x0 c:/program files (x86)/gnu tools arm embedded/5.4 2016q3/bin/../lib/gcc/arm-none-eabi/5.4.1/../../../../arm-none-eabi/lib/armv7-m\libc.a(lib_a-memset.o)

Memory Configuration

Name             Origin             Length             Attributes
rom              0x00000000         0x00080000         xr
ram              0x20000000         0x00018000         xrw
nul              0x20000000         0x00000000         xrw
*default*        0x00000000         0xffffffff

Linker script and memory map

LOAD c:/program files (x86)/gnu tools arm embedded/5.4 2016q3/bin/../lib/gcc/arm-none-eabi/5.4.1/armv7-m\libgcc.a
LOAD listenerpattern.o
LOAD hwlib.o
LOAD coroutine.o
LOAD switch_to.o
LOAD rtos.o
LOAD main.o
LOAD bmptk_cortex.o
LOAD bmptk_heap_bmptk.o
LOAD bmptk_fixed_size_stack.o
LOAD c:/program files (x86)/gnu tools arm embedded/5.4 2016q3/bin/../lib/gcc/arm-none-eabi/5.4.1/../../../../arm-none-eabi/lib/armv7-m\libstdc++.a
LOAD c:/program files (x86)/gnu tools arm embedded/5.4 2016q3/bin/../lib/gcc/arm-none-eabi/5.4.1/../../../../arm-none-eabi/lib/armv7-m\libm.a
START GROUP
LOAD c:/program files (x86)/gnu tools arm embedded/5.4 2016q3/bin/../lib/gcc/arm-none-eabi/5.4.1/armv7-m\libgcc.a
LOAD c:/program files (x86)/gnu tools arm embedded/5.4 2016q3/bin/../lib/gcc/arm-none-eabi/5.4.1/../../../../arm-none-eabi/lib/armv7-m\libc.a
END GROUP
                0x00000000                __rom_start = ORIGIN (rom)
                0x00080000                __rom_size = LENGTH (rom)
                0x00080000                __rom_end = (__rom_start + __rom_size)
                0x20000000                __ram_start = ORIGIN (ram)
                0x00018000                __ram_size = LENGTH (ram)
                0x20018000                __ram_end = (__ram_start + __ram_size)
                [!provide]                PROVIDE (__rom_start, __rom_start)
                [!provide]                PROVIDE (__rom_size, __rom_size)
                [!provide]                PROVIDE (__rom_end, __rom_end)
                [!provide]                PROVIDE (__ram_start, __ram_start)
                [!provide]                PROVIDE (__ram_size, __ram_size)
                [!provide]                PROVIDE (__ram_end, __ram_end)

.text           0x00000000     0x55b0
                0x00000000                . = ALIGN (0x4)
                0x00000000                __text_start = .
                [!provide]                PROVIDE (__text_start, __text_start)
                0x00000000                . = ALIGN (0x4)
 *(.vectors)
 .vectors       0x00000000       0xb0 bmptk_cortex.o
                0x00000000                __vectors
                0x000000b0                . = ALIGN (0x4)
 *(.text .text.* .gnu.linkonce.t.*)
 .text._ZN5hwlib19_pin_in_dummy_class3getEv
                0x000000b0        0x4 listenerpattern.o
                0x000000b0                hwlib::_pin_in_dummy_class::get()
 .text._ZN5hwlib19_pin_oc_dummy_class3setEb
                0x000000b4        0x2 listenerpattern.o
                0x000000b4                hwlib::_pin_oc_dummy_class::set(bool)
 .text._ZN5hwlib19_pin_oc_dummy_class3getEv
                0x000000b6        0x4 listenerpattern.o
                0x000000b6                hwlib::_pin_oc_dummy_class::get()
 .text._ZN5hwlib7ostream5flushEv
                0x000000ba        0x2 listenerpattern.o
                0x000000ba                hwlib::ostream::flush()
 .text._ZN5hwlib20cout_using_uart_putc4putcEc
                0x000000bc        0x6 listenerpattern.o
                0x000000bc                hwlib::cout_using_uart_putc::putc(char)
 .text._ZN5hwlib7ostream6fillerEi
                0x000000c2       0x1a listenerpattern.o
                0x000000c2                hwlib::ostream::filler(int)
 .text._ZN5hwliblsERNS_7ostreamEPKc
                0x000000dc       0x54 listenerpattern.o
                0x000000dc                hwlib::operator<<(hwlib::ostream&, char const*)
 .text._ZN17button_controller14button_pressedEv
                0x00000130       0x24 listenerpattern.o
                0x00000130                button_controller::button_pressed()
 .text._ZN5hwlib6window5writeENS_8locationENS_5colorE
                0x00000154       0x3e listenerpattern.o
                0x00000154                hwlib::window::write(hwlib::location, hwlib::color)
 *fill*         0x00000192        0x2 
 .text._ZN6sam3xa10SystemInitEv
                0x00000194       0x88 listenerpattern.o
                0x00000194                sam3xa::SystemInit()
 .text._ZN3due8pin_infoENS_4pinsE
                0x0000021c       0x20 listenerpattern.o
                0x0000021c                due::pin_info(due::pins)
 .text._ZN3due14port_registersEi
                0x0000023c       0x48 listenerpattern.o
                0x0000023c                due::port_registers(int)
 .text._ZN3due9now_ticksEv
                0x00000284       0x60 listenerpattern.o
                0x00000284                due::now_ticks()
 .text._ZN3due6now_usEv
                0x000002e4       0x10 listenerpattern.o
                0x000002e4                due::now_us()
 .text._ZN5hwlib9now_ticksEv
                0x000002f4        0x8 listenerpattern.o
                0x000002f4                hwlib::now_ticks()
 .text._ZN5hwlib24uart_putc_bit_banged_pinEcRNS_7pin_outE
                0x000002fc       0xc8 listenerpattern.o
                0x000002fc                hwlib::uart_putc_bit_banged_pin(char, hwlib::pin_out&)
 .text._ZN5hwlib6now_usEv
                0x000003c4        0x8 listenerpattern.o
                0x000003c4                hwlib::now_us()
 .text._ZN6button19update_button_stateEv
                0x000003cc       0x44 listenerpattern.o
                0x000003cc                button::update_button_state()
 .text.startup._ZN17button_controller4mainEv
                0x00000410       0x24 listenerpattern.o
                0x00000410                button_controller::main()
 .text._ZN17button_controller4mainEv
                0x00000434        0x8 listenerpattern.o
                0x00000434                non-virtual thunk to button_controller::main()
 .text._ZN17button_controllerC2ERN5hwlib6pin_inEP19run_game_controller
                0x0000043c       0xa8 listenerpattern.o
                0x0000043c                button_controller::button_controller(hwlib::pin_in&, run_game_controller*)
                0x0000043c                button_controller::button_controller(hwlib::pin_in&, run_game_controller*)
 .text._ZNK5hwlib9image_8x818get_implementationENS_8locationE
                0x000004e4       0x4c hwlib.o
                0x000004e4                hwlib::image_8x8::get_implementation(hwlib::location) const
 .text._ZN3due6pin_in3getEv
                0x00000530       0x10 hwlib.o
                0x00000530                due::pin_in::get()
 .text._ZN3due7pin_out3setEb
                0x00000540        0xe hwlib.o
                0x00000540                due::pin_out::set(bool)
 .text._ZN5hwliblsERNS_7ostreamEi
                0x0000054e       0xd4 hwlib.o
                0x0000054e                hwlib::operator<<(hwlib::ostream&, int)
 *fill*         0x00000622        0x2 
 .text._ZN5hwlib9uart_putcEc
                0x00000624       0x3c hwlib.o
                0x00000624                hwlib::uart_putc(char)
 .text          0x00000660       0x24 switch_to.o
                0x00000660                switch_from_to
 .text._ZN4rtos8callback6cancelEv
                0x00000684        0xa rtos.o
                0x00000684                rtos::callback::cancel()
 .text._ZN5hwlib7ostream7reverse10add_prefixERKS0_.part.1.constprop.23
                0x0000068e       0x4c rtos.o
 .text._ZN5hwlib7ostreamlsEc
                0x000006da        0xe rtos.o
                0x000006da                hwlib::ostream::operator<<(char)
 .text._ZN5hwliblsERNS_7ostreamEx
                0x000006e8       0xbc rtos.o
                0x000006e8                hwlib::operator<<(hwlib::ostream&, long long)
 .text._ZN5hwliblsERNS_7ostreamEj
                0x000007a4        0xc rtos.o
                0x000007a4                hwlib::operator<<(hwlib::ostream&, unsigned int)
 .text._Z6strlenPKc
                0x000007b0       0x10 rtos.o
                0x000007b0                strlen(char const*)
 .text._Z6strcpyPcPKc
                0x000007c0       0x14 rtos.o
                0x000007c0                strcpy(char*, char const*)
 .text._Z15string_allocatePKc
                0x000007d4       0x26 rtos.o
                0x000007d4                string_allocate(char const*)
 .text._Z12nr_from_maskj
                0x000007fa       0x1c rtos.o
                0x000007fa                nr_from_mask(unsigned int)
 *fill*         0x00000816        0x2 
 .text._Z15task_trampolinev
                0x00000818       0x34 rtos.o
                0x00000818                task_trampoline()
 .text._ZN4rtos9task_base7releaseEv
                0x0000084c       0x24 rtos.o
                0x0000084c                rtos::task_base::release()
 .text._ZN4rtos9task_base7suspendEv
                0x00000870        0x8 rtos.o
                0x00000870                rtos::task_base::suspend()
 .text._ZN4rtos9task_base6resumeEv
                0x00000878        0x8 rtos.o
                0x00000878                rtos::task_base::resume()
 .text._ZN4rtos9task_base7unblockEv
                0x00000880       0x14 rtos.o
                0x00000880                rtos::task_base::unblock()
 .text._ZN4rtos9task_base5blockEv
                0x00000894       0x70 rtos.o
                0x00000894                rtos::task_base::block()
 .text._ZNK4rtos9task_base5printERN5hwlib7ostreamEb
                0x00000904      0x158 rtos.o
                0x00000904                rtos::task_base::print(hwlib::ostream&, bool) const
 .text._ZNK4rtos5eventeqERKS0_
                0x00000a5c       0x3c rtos.o
                0x00000a5c                rtos::event::operator==(rtos::event const&) const
 .text._ZNK4rtos5eventeqERKNS_8waitableE
                0x00000a98       0x1a rtos.o
                0x00000a98                rtos::event::operator==(rtos::waitable const&) const
 *fill*         0x00000ab2        0x2 
 .text._ZNK4rtos5eventplERKS0_
                0x00000ab4       0x3c rtos.o
                0x00000ab4                rtos::event::operator+(rtos::event const&) const
 .text._ZNK4rtos4flag5printERN5hwlib7ostreamEb
                0x00000af0       0xc8 rtos.o
                0x00000af0                rtos::flag::print(hwlib::ostream&, bool) const
 .text._ZNK4rtos5timer5printERN5hwlib7ostreamEb
                0x00000bb8       0xd4 rtos.o
                0x00000bb8                rtos::timer::print(hwlib::ostream&, bool) const
 .text._ZNK4rtos5clock5printERN5hwlib7ostreamEb
                0x00000c8c       0xd8 rtos.o
                0x00000c8c                rtos::clock::print(hwlib::ostream&, bool) const
 .text._ZN4rtos12waitable_set17waitable_allocateEv
                0x00000d64       0x38 rtos.o
                0x00000d64                rtos::waitable_set::waitable_allocate()
 .text._ZN4rtos8waitableC2EPNS_9task_baseEPKc
                0x00000d9c       0x2c rtos.o
                0x00000d9c                rtos::waitable::waitable(rtos::task_base*, char const*)
                0x00000d9c                rtos::waitable::waitable(rtos::task_base*, char const*)
 .text._ZN4rtos12waitable_set3setERKNS_8waitableE
                0x00000dc8       0x14 rtos.o
                0x00000dc8                rtos::waitable_set::set(rtos::waitable const&)
 .text._ZN4rtos5clock7time_upEv
                0x00000ddc       0x2e rtos.o
                0x00000ddc                rtos::clock::time_up()
 .text._ZThn16_N4rtos5clock7time_upEv
                0x00000e0a        0x8 rtos.o
                0x00000e0a                non-virtual thunk to rtos::clock::time_up()
 .text._ZN4rtos5timer7time_upEv
                0x00000e12       0x10 rtos.o
                0x00000e12                rtos::timer::time_up()
                0x00000e1c                non-virtual thunk to rtos::timer::time_up()
 .text._ZN4rtos4flag3setEv
                0x00000e22       0x10 rtos.o
                0x00000e22                rtos::flag::set()
 .text._ZN4rtos12waitable_set5clearERKNS_8waitableE
                0x00000e32        0xc rtos.o
                0x00000e32                rtos::waitable_set::clear(rtos::waitable const&)
 .text._ZN4rtos8waitable5clearEv
                0x00000e3e        0xa rtos.o
                0x00000e3e                rtos::waitable::clear()
 .text._ZN4rtos5timer6cancelEv
                0x00000e48       0x16 rtos.o
                0x00000e48                rtos::timer::cancel()
 .text._ZThn16_N4rtos5timer6cancelEv
                0x00000e5e        0x8 rtos.o
                0x00000e5e                non-virtual thunk to rtos::timer::cancel()
 .text._ZN4rtos5clock5clearEv
                0x00000e66        0x8 rtos.o
                0x00000e66                rtos::clock::clear()
 *fill*         0x00000e6e        0x2 
 .text._ZN4rtos12waitable_set4waitEj
                0x00000e70       0x64 rtos.o
                0x00000e70                rtos::waitable_set::wait(unsigned int)
 .text._ZN4rtos9task_base5sleepEj
                0x00000ed4       0x20 rtos.o
                0x00000ed4                rtos::task_base::sleep(unsigned int)
 .text._ZN4rtos5mutex4waitEv
                0x00000ef4       0x30 rtos.o
                0x00000ef4                rtos::mutex::wait()
 .text._ZN4rtos5mutex6signalEv
                0x00000f24       0x50 rtos.o
                0x00000f24                rtos::mutex::signal()
 .text._ZNK4rtos5mutex5printERN5hwlib7ostreamEb
                0x00000f74       0xec rtos.o
                0x00000f74                rtos::mutex::print(hwlib::ostream&, bool) const
 .text._ZN4rtos5mutexD2Ev
                0x00001060       0x28 rtos.o
                0x00001060                rtos::mutex::~mutex()
                0x00001060                rtos::mutex::~mutex()
 .text._ZNK4rtos12channel_base5printERN5hwlib7ostreamEb
                0x00001088       0xe4 rtos.o
                0x00001088                rtos::channel_base::print(hwlib::ostream&, bool) const
 .text._ZNK4rtos9pool_base5printERN5hwlib7ostreamEb
                0x0000116c       0x78 rtos.o
                0x0000116c                rtos::pool_base::print(hwlib::ostream&, bool) const
 .text._ZNK4rtos12mailbox_base5printERN5hwlib7ostreamEb
                0x000011e4       0xc4 rtos.o
                0x000011e4                rtos::mailbox_base::print(hwlib::ostream&, bool) const
 .text._ZN4rtos3addEPNS_4flagE
                0x000012a8       0x10 rtos.o
                0x000012a8                rtos::add(rtos::flag*)
 .text._ZN4rtos4flagC2EPNS_9task_baseEPKc
                0x000012b8       0x20 rtos.o
                0x000012b8                rtos::flag::flag(rtos::task_base*, char const*)
                0x000012b8                rtos::flag::flag(rtos::task_base*, char const*)
 .text._ZN4rtos3addEPNS_5timerE
                0x000012d8       0x10 rtos.o
                0x000012d8                rtos::add(rtos::timer*)
 .text._ZN4rtos3addEPNS_5clockE
                0x000012e8       0x10 rtos.o
                0x000012e8                rtos::add(rtos::clock*)
 .text._ZN4rtos3addEPNS_5mutexE
                0x000012f8       0x10 rtos.o
                0x000012f8                rtos::add(rtos::mutex*)
 .text._ZN4rtos5mutexC2EPKc
                0x00001308       0x1e rtos.o
                0x00001308                rtos::mutex::mutex(char const*)
                0x00001308                rtos::mutex::mutex(char const*)
 *fill*         0x00001326        0x2 
 .text._ZN4rtos3addEPNS_12channel_baseE
                0x00001328       0x10 rtos.o
                0x00001328                rtos::add(rtos::channel_base*)
 .text._ZN4rtos12channel_baseC2EPNS_9task_baseEPKc
                0x00001338       0x30 rtos.o
                0x00001338                rtos::channel_base::channel_base(rtos::task_base*, char const*)
                0x00001338                rtos::channel_base::channel_base(rtos::task_base*, char const*)
 .text._ZN4rtos3addEPNS_9pool_baseE
                0x00001368       0x10 rtos.o
                0x00001368                rtos::add(rtos::pool_base*)
 .text._ZN4rtos9pool_baseC2EPKc
                0x00001378       0x1c rtos.o
                0x00001378                rtos::pool_base::pool_base(char const*)
                0x00001378                rtos::pool_base::pool_base(char const*)
 .text._ZN4rtos5printERN5hwlib7ostreamE
                0x00001394      0x258 rtos.o
                0x00001394                rtos::print(hwlib::ostream&)
 .text._ZN4rtos4beatEv
                0x000015ec      0x14c rtos.o
                0x000015ec                rtos::beat()
 .text._ZN4rtos8run_timeEv
                0x00001738        0x8 rtos.o
                0x00001738                rtos::run_time()
 .text._ZN4rtos3runEv
                0x00001740       0x40 rtos.o
                0x00001740                rtos::run()
 .text._ZN4rtos3addEPNS_8callbackE
                0x00001780       0x10 rtos.o
                0x00001780                rtos::add(rtos::callback*)
 .text._ZN4rtos8callbackC2EPKc
                0x00001790       0x28 rtos.o
                0x00001790                rtos::callback::callback(char const*)
                0x00001790                rtos::callback::callback(char const*)
 .text._ZN4rtos5timerC2EPNS_9task_baseEPKc
                0x000017b8       0x34 rtos.o
                0x000017b8                rtos::timer::timer(rtos::task_base*, char const*)
                0x000017b8                rtos::timer::timer(rtos::task_base*, char const*)
 .text._ZN4rtos5clockC2EPNS_9task_baseEmPKc
                0x000017ec       0x3c rtos.o
                0x000017ec                rtos::clock::clock(rtos::task_base*, unsigned long, char const*)
                0x000017ec                rtos::clock::clock(rtos::task_base*, unsigned long, char const*)
 .text._ZN4rtos3addEPNS_9task_baseE
                0x00001828       0x7c rtos.o
                0x00001828                rtos::add(rtos::task_base*)
 .text._ZN4rtos9task_baseC2ER9coroutineILi0EEjPKc
                0x000018a4       0x4c rtos.o
                0x000018a4                rtos::task_base::task_base(coroutine<0>&, unsigned int, char const*)
                0x000018a4                rtos::task_base::task_base(coroutine<0>&, unsigned int, char const*)
 .text._ZN5hwlib7wait_usEi
                0x000018f0       0x40 rtos.o
                0x000018f0                hwlib::wait_us(int)
 .text._ZN5hwlib7wait_msEi
                0x00001930       0x16 rtos.o
                0x00001930                hwlib::wait_ms(int)
 .text._ZN5hwlib17port_in_from_pins14number_of_pinsEv
                0x00001946        0x4 main.o
                0x00001946                hwlib::port_in_from_pins::number_of_pins()
 .text._ZN5hwlib17port_in_from_pins3getEv
                0x0000194a       0x2e main.o
                0x0000194a                hwlib::port_in_from_pins::get()
 .text._ZN5hwlib17port_oc_from_pins14number_of_pinsEv
                0x00001978        0x4 main.o
                0x00001978                hwlib::port_oc_from_pins::number_of_pins()
 .text._ZN5hwlib17port_oc_from_pins3getEv
                0x0000197c       0x2e main.o
                0x0000197c                hwlib::port_oc_from_pins::get()
 .text._ZN5hwlib17port_oc_from_pins3setEj
                0x000019aa       0x26 main.o
                0x000019aa                hwlib::port_oc_from_pins::set(unsigned int)
 .text._ZNK5hwlib16font_default_8x8ixEc
                0x000019d0       0x14 main.o
                0x000019d0                hwlib::font_default_8x8::operator[](char) const
 .text._ZNK5hwlib11image_16x1618get_implementationENS_8locationE
                0x000019e4       0x74 main.o
                0x000019e4                hwlib::image_16x16::get_implementation(hwlib::location) const
 .text._ZNK5hwlib18font_default_16x16ixEc
                0x00001a58        0xc main.o
                0x00001a58                hwlib::font_default_16x16::operator[](char) const
 .text._ZN5hwlib18glcd_oled_buffered5clearEv
                0x00001a64       0x1e main.o
                0x00001a64                hwlib::glcd_oled_buffered::clear()
 .text._ZN3due6pin_oc3getEv
                0x00001a82       0x10 main.o
                0x00001a82                due::pin_oc::get()
 .text._ZN3due6pin_oc3setEb
                0x00001a92       0x10 main.o
                0x00001a92                due::pin_oc::set(bool)
 *fill*         0x00001aa2        0x2 
 .text._ZN3due8d2_36kHz3setEb
                0x00001aa4       0x18 main.o
                0x00001aa4                due::d2_36kHz::set(bool)
 .text._ZN5hwlib6keypadILi16EE4getcEv
                0x00001abc       0x24 main.o
                0x00001abc                hwlib::keypad<16>::getc()
 .text._ZN4rtos7channelI19led_color_behaviourLi10EE5clearEv
                0x00001ae0       0x10 main.o
                0x00001ae0                rtos::channel<led_color_behaviour, 10>::clear()
 .text._ZN5hwlib33spi_bus_bit_banged_sclk_mosi_miso16wait_half_periodEv.isra.4
                0x00001af0        0x6 main.o
 .text._ZN15lcd_passthrough10assignmentEPcPKc.isra.17
                0x00001af6        0xe main.o
 .text._ZN20game_time_controller10convertIntEiPcii.isra.19.part.20
                0x00001b04       0x58 main.o
 .text._ZNK5hwlib5coloreqES0_
                0x00001b5c       0x36 main.o
                0x00001b5c                hwlib::color::operator==(hwlib::color) const
 *fill*         0x00001b92        0x2 
 .text._ZN5hwlib18glcd_oled_buffered20write_implementationENS_8locationENS_5colorE
                0x00001b94       0x78 main.o
                0x00001b94                hwlib::glcd_oled_buffered::write_implementation(hwlib::location, hwlib::color)
 .text._ZN5hwlib6window5clearEv
                0x00001c0c       0x32 main.o
                0x00001c0c                hwlib::window::clear()
 .text._ZN5hwlib11window_part20write_implementationENS_8locationENS_5colorE
                0x00001c3e       0x2e main.o
                0x00001c3e                hwlib::window_part::write_implementation(hwlib::location, hwlib::color)
 .text._ZN5hwlib14window_ostream4putcEc
                0x00001c6c      0x106 main.o
                0x00001c6c                hwlib::window_ostream::putc(char)
 .text._ZN5hwlib26i2c_bus_bit_banged_scl_sda9write_bitEb
                0x00001d72       0x30 main.o
                0x00001d72                hwlib::i2c_bus_bit_banged_scl_sda::write_bit(bool)
 .text._ZN5hwlib26i2c_bus_bit_banged_scl_sda8read_bitEv
                0x00001da2       0x3c main.o
                0x00001da2                hwlib::i2c_bus_bit_banged_scl_sda::read_bit()
 .text._ZN5hwlib26i2c_bus_bit_banged_scl_sda11write_startEv
                0x00001dde       0x24 main.o
                0x00001dde                hwlib::i2c_bus_bit_banged_scl_sda::write_start()
 .text._ZN5hwlib26i2c_bus_bit_banged_scl_sda10write_stopEv
                0x00001e02       0x40 main.o
                0x00001e02                hwlib::i2c_bus_bit_banged_scl_sda::write_stop()
 .text._ZN5hwlib26i2c_bus_bit_banged_scl_sda10write_byteEj
                0x00001e42       0x1c main.o
                0x00001e42                hwlib::i2c_bus_bit_banged_scl_sda::write_byte(unsigned int)
 .text._ZN5hwlib26i2c_bus_bit_banged_scl_sda5writeEjPKhj
                0x00001e5e       0x3a main.o
                0x00001e5e                hwlib::i2c_bus_bit_banged_scl_sda::write(unsigned int, unsigned char const*, unsigned int)
 .text._ZN5hwlib26i2c_bus_bit_banged_scl_sda4readEjPhj
                0x00001e98       0x60 main.o
                0x00001e98                hwlib::i2c_bus_bit_banged_scl_sda::read(unsigned int, unsigned char*, unsigned int)
 .text._ZN5hwlib18glcd_oled_buffered7commandEhhh
                0x00001ef8       0x30 main.o
                0x00001ef8                hwlib::glcd_oled_buffered::command(unsigned char, unsigned char, unsigned char)
 .text._ZN5hwlib18glcd_oled_buffered5flushEv
                0x00001f28       0x58 main.o
                0x00001f28                hwlib::glcd_oled_buffered::flush()
 .text._ZN3due6pin_inC2ENS_4pinsE
                0x00001f80       0x34 main.o
                0x00001f80                due::pin_in::pin_in(due::pins)
                0x00001f80                due::pin_in::pin_in(due::pins)
 .text._ZN3due7pin_outC2ENS_4pinsE
                0x00001fb4       0x34 main.o
                0x00001fb4                due::pin_out::pin_out(due::pins)
                0x00001fb4                due::pin_out::pin_out(due::pins)
 .text._ZN3due6pin_ocC2ENS_4pinsE
                0x00001fe8       0x34 main.o
                0x00001fe8                due::pin_oc::pin_oc(due::pins)
                0x00001fe8                due::pin_oc::pin_oc(due::pins)
 .text._ZN5hwlib6keypadILi16EE14char_availableEv
                0x0000201c       0x98 main.o
                0x0000201c                hwlib::keypad<16>::char_available()
 .text._ZN4rtos9task_base4waitERKNS_8waitableE
                0x000020b4       0x10 main.o
                0x000020b4                rtos::task_base::wait(rtos::waitable const&)
 .text.startup._ZN15send_controller4mainEv
                0x000020c4       0x88 main.o
                0x000020c4                send_controller::main()
 .text.startup._ZN18speaker_controller4mainEv
                0x0000214c       0xbc main.o
                0x0000214c                speaker_controller::main()
 .text._ZN4rtos9pool_baseD2Ev
                0x00002208       0x28 main.o
                0x00002208                rtos::pool_base::~pool_base()
                0x00002208                rtos::pool_base::~pool_base()
 .text._ZN11lcd_displayC2ERN5hwlib6pin_ocES2_
                0x00002230       0xdc main.o
                0x00002230                lcd_display::lcd_display(hwlib::pin_oc&, hwlib::pin_oc&)
                0x00002230                lcd_display::lcd_display(hwlib::pin_oc&, hwlib::pin_oc&)
 .text._ZN11lcd_display10print_textEPKcRN5hwlib4fontE
                0x0000230c       0x68 main.o
                0x0000230c                lcd_display::print_text(char const*, hwlib::font&)
 .text._ZN22lcd_display_controller7compileEPci
                0x00002374       0x24 main.o
                0x00002374                lcd_display_controller::compile(char*, int)
 .text._ZN4rtos4taskILi4096EED2Ev
                0x00002398       0x30 main.o
                0x00002398                rtos::task<4096>::~task()
                0x00002398                rtos::task<4096>::~task()
 .text._ZN22lcd_display_controller5writeE15lcd_passthrough
                0x000023c8       0x38 main.o
                0x000023c8                lcd_display_controller::write(lcd_passthrough)
 .text.startup._ZN22lcd_display_controller4mainEv
                0x00002400      0x130 main.o
                0x00002400                lcd_display_controller::main()
 .text.startup._ZN20game_time_controller4mainEv
                0x00002530      0x2bc main.o
                0x00002530                game_time_controller::main()
 .text._ZN7rgb_led3offEv
                0x000027ec       0x26 main.o
                0x000027ec                rgb_led::off()
 *fill*         0x00002812        0x2 
 .text.startup._ZN14led_controller4mainEv
                0x00002814      0x10c main.o
                0x00002814                led_controller::main()
 .text._ZN19run_game_controllerD2Ev
                0x00002920       0x1c main.o
                0x00002920                run_game_controller::~run_game_controller()
                0x00002920                run_game_controller::~run_game_controller()
 .text._ZN4rtos4taskILi4096EEC2EjPKc
                0x0000293c       0x54 main.o
                0x0000293c                rtos::task<4096>::task(unsigned int, char const*)
                0x0000293c                rtos::task<4096>::task(unsigned int, char const*)
 .text._ZN22lcd_display_controllerC2EPKcRN5hwlib6pin_ocES4_RN4rtos5mutexE
                0x00002990      0x154 main.o
                0x00002990                lcd_display_controller::lcd_display_controller(char const*, hwlib::pin_oc&, hwlib::pin_oc&, rtos::mutex&)
                0x00002990                lcd_display_controller::lcd_display_controller(char const*, hwlib::pin_oc&, hwlib::pin_oc&, rtos::mutex&)
 .text._ZN19run_game_controllerC2ER22lcd_display_controllerRN4rtos5mutexER16ir_message_logicR21my_player_informationS4_
                0x00002ae4      0x434 main.o
                0x00002ae4                run_game_controller::run_game_controller(lcd_display_controller&, rtos::mutex&, ir_message_logic&, my_player_information&, rtos::mutex&)
                0x00002ae4                run_game_controller::run_game_controller(lcd_display_controller&, rtos::mutex&, ir_message_logic&, my_player_information&, rtos::mutex&)
 .text.startup.main
                0x00002f18       0xa0 main.o
                0x00002f18                main
 .text._ZN4rtos7channelI19led_color_behaviourLi10EE5writeES1_
                0x00002fb8       0x50 main.o
                0x00002fb8                rtos::channel<led_color_behaviour, 10>::write(led_color_behaviour)
 .text.startup._ZN19run_game_controller4mainEv
                0x00003008      0x424 main.o
                0x00003008                run_game_controller::main()
 .text.Int27_Handler
                0x0000342c        0x2 bmptk_cortex.o
                0x0000342c                Int27_Handler
 *fill*         0x0000342e        0x2 
 .text.__startup
                0x00003430       0x48 bmptk_cortex.o
                0x00003430                __startup
 .text.SysTick_Handler
                0x00003478        0x2 bmptk_cortex.o
                0x00003478                SysTick_Handler
 .text.__cxa_pure_virtual
                0x0000347a        0x2 bmptk_cortex.o
                0x0000347a                __cxa_pure_virtual
 .text.malloc   0x0000347c       0x24 bmptk_heap_bmptk.o
                0x0000347c                malloc
 .text.bmptk_heap_free
                0x000034a0       0x14 bmptk_heap_bmptk.o
                0x000034a0                bmptk_heap_free
 .text.bmptk_heap_used
                0x000034b4       0x14 bmptk_heap_bmptk.o
                0x000034b4                bmptk_heap_used
 .text.bmptk_heap_size
                0x000034c8       0x10 bmptk_heap_bmptk.o
                0x000034c8                bmptk_heap_size
 .text.bmptk_stack_size
                0x000034d8        0x6 bmptk_fixed_size_stack.o
                0x000034d8                bmptk_stack_size
 *fill*         0x000034de        0x2 
 .text.bmptk_stack_free
                0x000034e0       0x18 bmptk_fixed_size_stack.o
                0x000034e0                bmptk_stack_free
 .text          0x000034f8       0xa0 c:/program files (x86)/gnu tools arm embedded/5.4 2016q3/bin/../lib/gcc/arm-none-eabi/5.4.1/armv7-m\libgcc.a(_aeabi_ldivmod.o)
                0x000034f8                __aeabi_ldivmod
 .text          0x00003598      0x2ec c:/program files (x86)/gnu tools arm embedded/5.4 2016q3/bin/../lib/gcc/arm-none-eabi/5.4.1/armv7-m\libgcc.a(_udivmoddi4.o)
                0x00003598                __udivmoddi4
 .text          0x00003884        0x4 c:/program files (x86)/gnu tools arm embedded/5.4 2016q3/bin/../lib/gcc/arm-none-eabi/5.4.1/armv7-m\libgcc.a(_dvmd_tls.o)
                0x00003884                __aeabi_ldiv0
 .text          0x00003888       0xec c:/program files (x86)/gnu tools arm embedded/5.4 2016q3/bin/../lib/gcc/arm-none-eabi/5.4.1/../../../../arm-none-eabi/lib/armv7-m\libc.a(lib_a-memcpy.o)
                0x00003888                memcpy
 .text.memset   0x00003974       0x9c c:/program files (x86)/gnu tools arm embedded/5.4 2016q3/bin/../lib/gcc/arm-none-eabi/5.4.1/../../../../arm-none-eabi/lib/armv7-m\libc.a(lib_a-memset.o)
                0x00003974                memset
                0x00003a10                . = ALIGN (0x4)
 *(.glue_7t .glue_7)
 .glue_7        0x00003a10        0x0 linker stubs
 .glue_7t       0x00003a10        0x0 linker stubs
                0x00003a10                . = ALIGN (0x4)
 *(.rodata .rodata.* .gnu.linkonce.r.*)
 .rodata._ZTVN5hwlib19_pin_in_dummy_classE
                0x00003a10        0xc listenerpattern.o
                0x00003a10                vtable for hwlib::_pin_in_dummy_class
 .rodata._ZTVN5hwlib19_pin_oc_dummy_classE
                0x00003a1c       0x10 listenerpattern.o
                0x00003a1c                vtable for hwlib::_pin_oc_dummy_class
 .rodata._ZTVN5hwlib20cout_using_uart_putcE
                0x00003a2c       0x10 listenerpattern.o
                0x00003a2c                vtable for hwlib::cout_using_uart_putc
 .rodata._ZTV8listener
                0x00003a3c        0xc listenerpattern.o
                0x00003a3c                vtable for listener
 .rodata._ZTV17button_controller
                0x00003a48       0x24 listenerpattern.o
                0x00003a48                vtable for button_controller
 .rodata.str1.1
                0x00003a6c       0x56 listenerpattern.o
 .rodata._ZZN3due8pin_infoENS_4pinsEE14pin_info_array
                0x00003ac2       0xa4 listenerpattern.o
 *fill*         0x00003b66        0x2 
 .rodata._ZTVN5hwlib9image_8x8E
                0x00003b68        0xc hwlib.o
                0x00003b68                vtable for hwlib::image_8x8
 .rodata._ZTVN3due6pin_inE
                0x00003b74        0xc hwlib.o
                0x00003b74                vtable for due::pin_in
 .rodata._ZTVN3due7pin_outE
                0x00003b80        0xc hwlib.o
                0x00003b80                vtable for due::pin_out
 .rodata._ZN5hwlibL5blackE
                0x00003b8c        0x4 hwlib.o
 .rodata._ZN5hwlibL5whiteE
                0x00003b90        0x4 hwlib.o
 .rodata._ZN5hwlib16font_default_8x86imagesE
                0x00003b94      0xa00 hwlib.o
                0x00003b94                hwlib::font_default_8x8::images
 .rodata._ZTVN4rtos8waitableE
                0x00004594        0xc rtos.o
                0x00004594                vtable for rtos::waitable
 .rodata._ZTVN4rtos4flagE
                0x000045a0        0xc rtos.o
                0x000045a0                vtable for rtos::flag
 .rodata._ZTVN4rtos8callbackE
                0x000045ac       0x10 rtos.o
                0x000045ac                vtable for rtos::callback
 .rodata._ZTVN4rtos12channel_baseE
                0x000045bc        0xc rtos.o
                0x000045bc                vtable for rtos::channel_base
 .rodata._ZTVN4rtos5clockE
                0x000045c8       0x20 rtos.o
                0x000045c8                vtable for rtos::clock
 .rodata.str1.1
                0x000045e8      0x348 rtos.o
                                0x364 (size before relaxing)
 .rodata._ZTVN4rtos5timerE
                0x00004930       0x24 rtos.o
                0x00004930                vtable for rtos::timer
 .rodata._ZTVN4rtos9task_baseE
                0x00004954       0x14 rtos.o
                0x00004954                vtable for rtos::task_base
 .rodata._ZTVN5hwlib17port_in_from_pinsE
                0x00004968       0x10 main.o
                0x00004968                vtable for hwlib::port_in_from_pins
 .rodata._ZTVN5hwlib17port_oc_from_pinsE
                0x00004978       0x14 main.o
                0x00004978                vtable for hwlib::port_oc_from_pins
 .rodata._ZTVN5hwlib14window_ostreamE
                0x0000498c       0x10 main.o
                0x0000498c                vtable for hwlib::window_ostream
 .rodata._ZTVN5hwlib11window_partE
                0x0000499c       0x10 main.o
                0x0000499c                vtable for hwlib::window_part
 .rodata._ZTVN5hwlib16font_default_8x8E
                0x000049ac        0xc main.o
                0x000049ac                vtable for hwlib::font_default_8x8
 .rodata._ZTVN5hwlib11image_16x16E
                0x000049b8        0xc main.o
                0x000049b8                vtable for hwlib::image_16x16
 .rodata._ZTVN5hwlib18font_default_16x16E
                0x000049c4        0xc main.o
                0x000049c4                vtable for hwlib::font_default_16x16
 .rodata._ZTVN5hwlib26i2c_bus_bit_banged_scl_sdaE
                0x000049d0       0x10 main.o
                0x000049d0                vtable for hwlib::i2c_bus_bit_banged_scl_sda
 .rodata._ZTVN5hwlib18glcd_oled_bufferedE
                0x000049e0       0x10 main.o
                0x000049e0                vtable for hwlib::glcd_oled_buffered
 .rodata._ZTVN3due6pin_ocE
                0x000049f0       0x10 main.o
                0x000049f0                vtable for due::pin_oc
 .rodata._ZTVN3due8d2_36kHzE
                0x00004a00        0xc main.o
                0x00004a00                vtable for due::d2_36kHz
 .rodata._ZTVN4rtos4taskILi4096EEE
                0x00004a0c       0x14 main.o
                0x00004a0c                vtable for rtos::task<4096>
 .rodata._ZTV22lcd_display_controller
                0x00004a20       0x14 main.o
                0x00004a20                vtable for lcd_display_controller
 .rodata._ZTVN5hwlib6keypadILi16EEE
                0x00004a34       0x10 main.o
                0x00004a34                vtable for hwlib::keypad<16>
 .rodata._ZTV20game_time_controller
                0x00004a44       0x14 main.o
                0x00004a44                vtable for game_time_controller
 .rodata._ZTV18speaker_controller
                0x00004a58       0x14 main.o
                0x00004a58                vtable for speaker_controller
 .rodata._ZTVN4rtos7channelI19led_color_behaviourLi10EEE
                0x00004a6c        0xc main.o
                0x00004a6c                vtable for rtos::channel<led_color_behaviour, 10>
 .rodata._ZTV14led_controller
                0x00004a78       0x14 main.o
                0x00004a78                vtable for led_controller
 .rodata._ZTV15send_controller
                0x00004a8c       0x14 main.o
                0x00004a8c                vtable for send_controller
 .rodata._ZTV19run_game_controller
                0x00004aa0       0x14 main.o
                0x00004aa0                vtable for run_game_controller
 .rodata._ZZN5hwlib18glcd_oled_bufferedC4ERNS_7i2c_busEjE13init_sequence
                0x00004ab4       0x29 main.o
                0x00004ab4                hwlib::glcd_oled_buffered::glcd_oled_buffered(hwlib::i2c_bus&, unsigned int)::init_sequence
 *fill*         0x00004add        0x3 
 .rodata        0x00004ae0      0x8d4 main.o
 .rodata._ZN5hwlibL5blackE
                0x000053b4        0x4 main.o
 .rodata.str1.1
                0x000053b8      0x1f1 main.o
                                0x21c (size before relaxing)
 .rodata._ZN5hwlibL5whiteE
                0x000055a9        0x4 main.o
                0x000055b0                . = ALIGN (0x4)
 *fill*         0x000055ad        0x3 
 *(.ARM.extab* .gnu.linkonce.armextab.*)
                0x000055b0                . = ALIGN (0x4)
 *(.gcc_except_table)
                0x000055b0                . = ALIGN (0x4)
 *(.eh_frame_hdr)
                0x000055b0                . = ALIGN (0x4)
 *(.eh_frame)
                0x000055b0                . = ALIGN (0x4)
                0x000055b0                __text_end = .
                [!provide]                PROVIDE (__text_end, __text_end)

.vfp11_veneer   0x000055b0        0x0
 .vfp11_veneer  0x000055b0        0x0 linker stubs

.v4_bx          0x000055b0        0x0
 .v4_bx         0x000055b0        0x0 linker stubs

.iplt           0x000055b0        0x0
 .iplt          0x000055b0        0x0 listenerpattern.o

.IF_YOU_SEE_THIS_YOU_HAVE_ONE_OR_MORE_GLOBAL_OBJECT_CONSTRUCTORS
 *(.init)
 *(.preinit_array)
 *(SORT(.init_array.*))
 *(.init_array)
                0x000055b0                . = ALIGN (0x4)
                0x000055b0                __exidx_start = .
                [!provide]                PROVIDE (__exidx_start, __exidx_start)

.ARM.exidx      0x000055b0        0x8
 *(.ARM.exidx* .gnu.linkonce.armexidx.*)
 .ARM.exidx     0x000055b0        0x8 c:/program files (x86)/gnu tools arm embedded/5.4 2016q3/bin/../lib/gcc/arm-none-eabi/5.4.1/armv7-m\libgcc.a(_udivmoddi4.o)

.rel.dyn        0x000055b8        0x0
 .rel.iplt      0x000055b8        0x0 listenerpattern.o
                0x000055b8                . = ALIGN (0x4)
                0x000055b8                __exidx_end = .
                [!provide]                PROVIDE (__exidx_end, __exidx_end)

.bss            0x20000000    0x14060
                0x20000000                . = ALIGN (0x4)
                0x20000000                __bss_start = .
                [!provide]                PROVIDE (__bss_start, __bss_start)
                0x20000000                . = ALIGN (0x4)
                0x20000000                __stack_start = .
                [!provide]                PROVIDE (__stack_start, __stack_start)
                0x20000000                . = ALIGN (0x4)
 *(.bmptk_stack)
 .bmptk_stack   0x20000000    0x14001 bmptk_fixed_size_stack.o
                0x20000000                bmptk_stack
                0x20014000                bmptk_stack_beyond
                0x20014008                . = ALIGN (0x8)
 *fill*         0x20014001        0x7 
                0x20014008                __main_stack_end = .
                [!provide]                PROVIDE (__main_stack_end, __main_stack_end)
                0x20014008                . = ALIGN (0x4)
                0x20014008                __stack_end = .
                [!provide]                PROVIDE (__stack_end, __stack_end)
                0x20014008                . = ALIGN (0x4)
 *(.bss .bss.* .gnu.linkonce.b.*)
 .bss._ZZN3due9now_ticksEvE4high
                0x20014008        0x8 listenerpattern.o
 .bss._ZZN3due9now_ticksEvE8last_low
                0x20014010        0x4 listenerpattern.o
 .bss._ZZN3due9now_ticksEvE9init_done
                0x20014014        0x1 listenerpattern.o
 *fill*         0x20014015        0x3 
 .bss._ZGVZN5hwlib9uart_putcEcE3pin
                0x20014018        0x4 hwlib.o
 .bss._ZZN5hwlib9uart_putcEcE3pin
                0x2001401c        0xc hwlib.o
 .bss._ZN17coroutine_context7main_spE
                0x20014028        0x4 coroutine.o
                0x20014028                coroutine_context::main_sp
 .bss._ZN4rtos17scheduler_runningE
                0x2001402c        0x1 rtos.o
                0x2001402c                rtos::scheduler_running
 .bss._ZN4rtos10must_clearE
                0x2001402d        0x1 rtos.o
                0x2001402d                rtos::must_clear
 *fill*         0x2001402e        0x2 
 .bss._ZN4rtos6clocksE
                0x20014030        0x4 rtos.o
                0x20014030                rtos::clocks
 .bss._ZN4rtos17rtos_current_taskE
                0x20014034        0x4 rtos.o
                0x20014034                rtos::rtos_current_task
 .bss._ZN4rtos9timerListE
                0x20014038        0x4 rtos.o
                0x20014038                rtos::timerList
 .bss._ZN4rtos8taskListE
                0x2001403c        0x4 rtos.o
                0x2001403c                rtos::taskList
 .bss._ZN4rtos6timersE
                0x20014040        0x4 rtos.o
                0x20014040                rtos::timers
 .bss._ZN4rtos5flagsE
                0x20014044        0x4 rtos.o
                0x20014044                rtos::flags
 .bss.last_run_time
                0x20014048        0x8 rtos.o
                0x20014048                last_run_time
 .bss._ZN4rtos5poolsE
                0x20014050        0x4 rtos.o
                0x20014050                rtos::pools
 .bss._ZN4rtos7mutexesE
                0x20014054        0x4 rtos.o
                0x20014054                rtos::mutexes
 .bss._ZN4rtos9mailboxesE
                0x20014058        0x4 rtos.o
                0x20014058                rtos::mailboxes
 .bss._ZN4rtos8channelsE
                0x2001405c        0x4 rtos.o
                0x2001405c                rtos::channels
                0x20014060                . = ALIGN (0x4)
 *(COMMON)
                0x20014060                . = ALIGN (0x4)
                0x20014060                __bss_end = .
                [!provide]                PROVIDE (__bss_end, __bss_end)

.data           0x20014060      0xc10 load address 0x000055b8
                0x20014060                . = ALIGN (0x4)
                0x000055b8                __data_init_start = LOADADDR (.data)
                [!provide]                PROVIDE (__data_init_start, __data_init_start)
                0x20014060                __data_start = .
                [!provide]                PROVIDE (__data_start, __data_start)
                0x20014060                . = ALIGN (0x4)
 *(.data .data.* .gnu.linkonce.d.*)
 .data._ZN5hwlib4coutE
                0x20014060       0x14 listenerpattern.o
                0x20014060                hwlib::cout
 .data._ZN6sam3xa15SystemCoreClockE
                0x20014074        0x4 listenerpattern.o
                0x20014074                sam3xa::SystemCoreClock
 .data._ZN5hwlib12pin_in_dummyE
                0x20014078        0x4 listenerpattern.o
                0x20014078                hwlib::pin_in_dummy
 .data._ZN5hwlib12pin_oc_dummyE
                0x2001407c        0x4 listenerpattern.o
                0x2001407c                hwlib::pin_oc_dummy
 .data._ZN5hwlib15font_16x16_dataE
                0x20014080      0xbe4 hwlib.o
                0x20014080                hwlib::font_16x16_data
 .data._ZN17coroutine_context24current_coroutine_sp_ptrE
                0x20014c64        0x4 coroutine.o
                0x20014c64                coroutine_context::current_coroutine_sp_ptr
 .data._last_free
                0x20014c68        0x4 bmptk_heap_bmptk.o
                0x20014c68                _last_free
 .data._first_free
                0x20014c6c        0x4 bmptk_heap_bmptk.o
                0x20014c6c                _first_free
                0x20014c70                . = ALIGN (0x4)
                0x20014c70                __data_end = .
                [!provide]                PROVIDE (__data_end, __data_end)
                0x000055b8                __data_init_end = LOADADDR (.data)
                [!provide]                PROVIDE (__data_init_end, __data_init_end)
                0x00000c10                PROVIDE (__data_size, (__data_end - __data_start))
                0x00000c10                PROVIDE (__data_init_size, __data_size)
                [!provide]                PROVIDE (__data_init_end, (__data_init_start + __data_init_size))

.igot.plt       0x20014c70        0x0 load address 0x000061c8
 .igot.plt      0x20014c70        0x0 listenerpattern.o
                0x20014c70                . = ALIGN (0x4)
                0x20014c70                __heap_start = .
                [!provide]                PROVIDE (__heap_start, __heap_start)
                0x20014c70                . = ALIGN (0x4)
                0x20018000                __heap_end = __ram_end
                [!provide]                PROVIDE (__heap_end, __heap_end)

.stab
 *(.stab)

.stabstr
 *(.stabstr)

.debug
 *(.debug)

.line
 *(.line)

.debug_srcinfo
 *(.debug_srcinfo)

.debug_sfnames
 *(.debug_sfnames)

.debug_aranges
 *(.debug_aranges)

.debug_pubnames
 *(.debug_pubnames)

.debug_info
 *(.debug_info .gnu.linkonce.wi.*)

.debug_abbrev
 *(.debug_abbrev)

.debug_line
 *(.debug_line)

.debug_frame    0x00000000       0xb0
 *(.debug_frame)
 .debug_frame   0x00000000       0x44 c:/program files (x86)/gnu tools arm embedded/5.4 2016q3/bin/../lib/gcc/arm-none-eabi/5.4.1/armv7-m\libgcc.a(_aeabi_ldivmod.o)
 .debug_frame   0x00000044       0x38 c:/program files (x86)/gnu tools arm embedded/5.4 2016q3/bin/../lib/gcc/arm-none-eabi/5.4.1/armv7-m\libgcc.a(_udivmoddi4.o)
 .debug_frame   0x0000007c       0x34 c:/program files (x86)/gnu tools arm embedded/5.4 2016q3/bin/../lib/gcc/arm-none-eabi/5.4.1/../../../../arm-none-eabi/lib/armv7-m\libc.a(lib_a-memset.o)

.comment        0x00000000       0x6e
 .comment       0x00000000       0x6e listenerpattern.o
                                 0x6f (size before relaxing)
 .comment       0x0000006e       0x6f hwlib.o
 .comment       0x0000006e       0x6f coroutine.o
 .comment       0x0000006e       0x6f rtos.o
 .comment       0x0000006e       0x6f main.o
 .comment       0x0000006e       0x6f bmptk_cortex.o
 .comment       0x0000006e       0x6f bmptk_heap_bmptk.o
 .comment       0x0000006e       0x6f bmptk_fixed_size_stack.o

.debug_str
 *(.debug_str)

.debug_loc
 *(.debug_loc)

.debug_macinfo
 *(.debug_macinfo)

.debug_weaknames
 *(.debug_weaknames)

.debug_funcnames
 *(.debug_funcnames)

.debug_typenames
 *(.debug_typenames)

.debug_varnames
 *(.debug_varnames)

.note.gnu.arm.ident
 *(.note.gnu.arm.ident)

.ARM.attributes
                0x00000000       0x31
 *(.ARM.attributes)
 .ARM.attributes
                0x00000000       0x33 listenerpattern.o
 .ARM.attributes
                0x00000033       0x33 hwlib.o
 .ARM.attributes
                0x00000066       0x33 coroutine.o
 .ARM.attributes
                0x00000099       0x21 switch_to.o
 .ARM.attributes
                0x000000ba       0x33 rtos.o
 .ARM.attributes
                0x000000ed       0x33 main.o
 .ARM.attributes
                0x00000120       0x33 bmptk_cortex.o
 .ARM.attributes
                0x00000153       0x33 bmptk_heap_bmptk.o
 .ARM.attributes
                0x00000186       0x33 bmptk_fixed_size_stack.o
 .ARM.attributes
                0x000001b9       0x1d c:/program files (x86)/gnu tools arm embedded/5.4 2016q3/bin/../lib/gcc/arm-none-eabi/5.4.1/armv7-m\libgcc.a(_aeabi_ldivmod.o)
 .ARM.attributes
                0x000001d6       0x2d c:/program files (x86)/gnu tools arm embedded/5.4 2016q3/bin/../lib/gcc/arm-none-eabi/5.4.1/armv7-m\libgcc.a(_udivmoddi4.o)
 .ARM.attributes
                0x00000203       0x1d c:/program files (x86)/gnu tools arm embedded/5.4 2016q3/bin/../lib/gcc/arm-none-eabi/5.4.1/armv7-m\libgcc.a(_dvmd_tls.o)
 .ARM.attributes
                0x00000220       0x1b c:/program files (x86)/gnu tools arm embedded/5.4 2016q3/bin/../lib/gcc/arm-none-eabi/5.4.1/../../../../arm-none-eabi/lib/armv7-m\libc.a(lib_a-memcpy.o)
 .ARM.attributes
                0x0000023b       0x2d c:/program files (x86)/gnu tools arm embedded/5.4 2016q3/bin/../lib/gcc/arm-none-eabi/5.4.1/../../../../arm-none-eabi/lib/armv7-m\libc.a(lib_a-memset.o)

/DISCARD/
 *(.note.GNU-stack)
                [!provide]                PROVIDE (__text_size, (__text_end - __text_start))
                [!provide]                PROVIDE (__exidx_size, (__exidx_end - __exidx_start))
                [!provide]                PROVIDE (__bss_size, (__bss_end - __bss_start))
                [!provide]                PROVIDE (__stack_size, (__stack_end - __stack_start))
                [!provide]                PROVIDE (__heap_size, (__heap_end - __heap_start))
OUTPUT(main.elf elf32-littlearm)
